    シンボル:   クラス AnimatableInstanceCache
    場所: クラス FlyingChestBoatEntity
  E:\mod\PochiMod\src\main\java\net\pochi\pochimod\entity\custom\FlyingChestBoatEntity.java:58: エラー: パッケージAnimatableManagerは存在しません
      public void registerControllers(AnimatableManager.ControllerRegistrar controllerRegistrar) {
                                                       ^
  E:\mod\PochiMod\src\main\java\net\pochi\pochimod\entity\custom\FlyingChestBoatEntity.java:63: エラー: シンボルを見つけられません
      public AnimatableInstanceCache getAnimatableInstanceCache() {
             ^
    シンボル:   クラス AnimatableInstanceCache
    場所: クラス FlyingChestBoatEntity
  E:\mod\PochiMod\src\main\java\net\pochi\pochimod\entity\custom\Folivore.java:31: エラー: シンボルを見つけられません
  import net.minecraft.world.level.pathfinder.BlockPathTypes;
                                             ^
    シンボル:   クラス BlockPathTypes
    場所: パッケージ net.minecraft.world.level.pathfinder
  E:\mod\PochiMod\src\main\java\net\pochi\pochimod\entity\custom\GuyanaRupicola.java:31: エラー: シンボルを見つけられません
  import net.minecraft.world.level.pathfinder.BlockPathTypes;
                                             ^
    シンボル:   クラス BlockPathTypes
    場所: パッケージ net.minecraft.world.level.pathfinder
  E:\mod\PochiMod\src\main\java\net\pochi\pochimod\entity\custom\HarpyEagle.java:31: エラー: シンボルを見つけられません
  import net.minecraft.world.level.pathfinder.BlockPathTypes;
                                             ^
    シンボル:   クラス BlockPathTypes
    場所: パッケージ net.minecraft.world.level.pathfinder
  E:\mod\PochiMod\src\main\java\net\pochi\pochimod\entity\custom\Indicatoridae.java:27: エラー: シンボルを見つけられません
  import net.minecraft.world.level.pathfinder.BlockPathTypes;
                                             ^
    シンボル:   クラス BlockPathTypes
    場所: パッケージ net.minecraft.world.level.pathfinder
  E:\mod\PochiMod\src\main\java\net\pochi\pochimod\entity\custom\LongTailTit.java:62: エラー: シンボルを見つけられません
  import net.minecraft.world.level.pathfinder.BlockPathTypes;
                                             ^
    シンボル:   クラス BlockPathTypes
    場所: パッケージ net.minecraft.world.level.pathfinder
  E:\mod\PochiMod\src\main\java\net\pochi\pochimod\entity\projectile\OreSlime.java:11: エラー: パッケージsoftware.bernie.geckolib.core.animatable.instanceは存在しません
  import software.bernie.geckolib.core.animatable.instance.AnimatableInstanceCache;
                                                          ^
  E:\mod\PochiMod\src\main\java\net\pochi\pochimod\entity\projectile\OreSlime.java:12: エラー: パッケージsoftware.bernie.geckolib.core.animatable.instanceは存在しません
  import software.bernie.geckolib.core.animatable.instance.SingletonAnimatableInstanceCache;
                                                          ^
  E:\mod\PochiMod\src\main\java\net\pochi\pochimod\entity\projectile\OreSlime.java:13: エラー: パッケージsoftware.bernie.geckolib.core.animationは存在しません
  import software.bernie.geckolib.core.animation.AnimatableManager;
                                                ^
  E:\mod\PochiMod\src\main\java\net\pochi\pochimod\block\entity\ModCapabilities.java:10: 警告: [removal] EventBusSubscriberのbus()は推奨されておらず、削除用にマークされています
  @EventBusSubscriber(modid = PochiMod.MOD_ID, bus = EventBusSubscriber.Bus.MOD)
                                               ^
  E:\mod\PochiMod\src\main\java\net\pochi\pochimod\block\entity\ModCapabilities.java:10: 警告: [removal] EventBusSubscriberのBusは推奨されておらず、削除用にマークされています
  @EventBusSubscriber(modid = PochiMod.MOD_ID, bus = EventBusSubscriber.Bus.MOD)
                                                                       ^
  E:\mod\PochiMod\src\main\java\net\pochi\pochimod\compat\BFurnaceCategory.java:45: 警告: [removal] IRecipeCategoryのgetBackground()は推奨されておらず、削除用にマークされています
      public IDrawable getBackground() {
                       ^
  E:\mod\PochiMod\src\main\java\net\pochi\pochimod\entity\client\FlyBoatRenderer.java:22: 警告: [removal] GeoEntityRendererのapplyRotations(T,PoseStack,float,float,float)は推奨されておらず、削除用にマークされています
      protected void applyRotations(FlyingBoatEntity animatable, PoseStack poseStack, float ageInTicks, float rotationYaw, float partialTick) {
                     ^
    Tが型変数の場合:
      クラス GeoEntityRendererで宣言されているT extends Entity,GeoAnimatable
  E:\mod\PochiMod\src\main\java\net\pochi\pochimod\entity\client\FlyBoatRenderer.java:26: 警告: [removal] GeoEntityRendererのapplyRotations(T,PoseStack,float,float,float)は推奨されておらず、削除用にマークされています
          super.applyRotations(animatable, poseStack, ageInTicks, rotationYaw, partialTick);
               ^
    Tが型変数の場合:
      クラス GeoEntityRendererで宣言されているT extends Entity,GeoAnimatable
  E:\mod\PochiMod\src\main\java\net\pochi\pochimod\entity\client\FlyChestBoatRenderer.java:22: 警告: [removal] GeoEntityRendererのapplyRotations(T,PoseStack,float,float,float)は推奨されておらず、削除用にマークされています
      protected void applyRotations(FlyingChestBoatEntity animatable, PoseStack poseStack, float ageInTicks, float rotationYaw, float partialTick) {
                     ^
    Tが型変数の場合:
      クラス GeoEntityRendererで宣言されているT extends Entity,GeoAnimatable
  E:\mod\PochiMod\src\main\java\net\pochi\pochimod\entity\client\FlyChestBoatRenderer.java:26: 警告: [removal] GeoEntityRendererのapplyRotations(T,PoseStack,float,float,float)は推奨されておらず、削除用にマークされています
          super.applyRotations(animatable, poseStack, ageInTicks, rotationYaw, partialTick);
               ^
    Tが型変数の場合:
      クラス GeoEntityRendererで宣言されているT extends Entity,GeoAnimatable
  E:\mod\PochiMod\src\main\java\net\pochi\pochimod\fluid\BaseFluidType.java:54: 警告: [removal] FluidTypeのinitializeClient(Consumer<IClientFluidTypeExtensions>)は推奨されておらず、削除用にマークされています
      public void initializeClient(Consumer<IClientFluidTypeExtensions> consumer) {
                  ^
  E:\mod\PochiMod\src\main\java\net\pochi\pochimod\item\custom\armor\PerissoArmor.java:65: 警告: [removal] ItemのinitializeClient(Consumer<IClientItemExtensions>)は推奨されておらず、削除用にマークされています
      public void initializeClient(Consumer<IClientItemExtensions> consumer) {
                  ^
  E:\mod\PochiMod\src\main\java\net\pochi\pochimod\item\custom\armor\PerissoArmor.java:75: 警告: [removal] GeoArmorRendererのprepForRender(Entity,ItemStack,EquipmentSlot,HumanoidModel<?>)は推奨されておらず、削除用にマークされています
                  this.renderer.prepForRender(livingEntity, itemStack, equipmentSlot, original);
                               ^
  E:\mod\PochiMod\src\main\java\net\pochi\pochimod\item\custom\armor\RockPenguinArmor.java:61: 警告: [removal] ItemのinitializeClient(Consumer<IClientItemExtensions>)は推奨されておらず、削除用にマークされています
      public void initializeClient(Consumer<IClientItemExtensions> consumer) {
                  ^
  E:\mod\PochiMod\src\main\java\net\pochi\pochimod\item\custom\armor\RockPenguinArmor.java:71: 警告: [removal] GeoArmorRendererのprepForRender(Entity,ItemStack,EquipmentSlot,HumanoidModel<?>)は推奨されておらず、削除用にマークされています
                  this.renderer.prepForRender(livingEntity, itemStack, equipmentSlot, original);
                               ^
  E:\mod\PochiMod\src\main\java\net\pochi\pochimod\item\custom\armor\PangolinArmor.java:65: 警告: [removal] ItemのinitializeClient(Consumer<IClientItemExtensions>)は推奨されておらず、削除用にマークされています
      public void initializeClient(Consumer<IClientItemExtensions> consumer) {
                  ^
  E:\mod\PochiMod\src\main\java\net\pochi\pochimod\item\custom\armor\PangolinArmor.java:75: 警告: [removal] GeoArmorRendererのprepForRender(Entity,ItemStack,EquipmentSlot,HumanoidModel<?>)は推奨されておらず、削除用にマークされています
                  this.renderer.prepForRender(livingEntity, itemStack, equipmentSlot, original);
                               ^
  E:\mod\PochiMod\src\main\java\net\pochi\pochimod\networking\ModMessages.java:16: 警告: [removal] EventBusSubscriberのbus()は推奨されておらず、削除用にマークされています
  @EventBusSubscriber(modid = PochiMod.MOD_ID, bus = EventBusSubscriber.Bus.MOD)
                                               ^
  E:\mod\PochiMod\src\main\java\net\pochi\pochimod\networking\ModMessages.java:16: 警告: [removal] EventBusSubscriberのBusは推奨されておらず、削除用にマークされています
  @EventBusSubscriber(modid = PochiMod.MOD_ID, bus = EventBusSubscriber.Bus.MOD)
                                                                       ^
  ノート: 一部の入力ファイルは推奨されないAPIを使用またはオーバーライドしています。
  ノート: 詳細は、-Xlint:deprecationオプションを指定して再コンパイルしてください。
  ノート: 入力ファイルの操作のうち、未チェックまたは安全ではないものがあります。
  ノート: 詳細は、-Xlint:uncheckedオプションを指定して再コンパイルしてください。
  ノート: 一部のメッセージは簡略化されています。-Xdiags:verboseで再コンパイルして完全な出力を取得してください
  エラー100個
  警告16個

* Try:
> Check your code and dependencies to fix the compilation error(s)
> Run with --scan to get full insights.

Deprecated Gradle features were used in this build, making it incompatible with Gradle 9.0.

You can use '--warning-mode all' to show the individual deprecation warnings and determine if they come from your own scripts or plugins.

For more on this, please refer to https://docs.gradle.org/8.13/userguide/command_line_interface.html#sec:command_line_warnings in the Gradle documentation.

BUILD FAILED in 17s
27 actionable tasks: 1 executed, 26 up-to-date
