[173月2026 00:30:51.384] [main/INFO] [net.neoforged.fml.startup.Entrypoint/]: JVM Uptime at startup: 174ms
[173月2026 00:30:51.393] [main/INFO] [net.neoforged.fml.loading.FMLLoader/]: Starting FancyModLoader version 10.0.36 (DEDICATED_SERVER in DEV)
[173月2026 00:30:51.394] [main/INFO] [net.neoforged.fml.loading.FMLLoader/]: Game directory: E:\mod\PochiMod\runs\serverData
[173月2026 00:30:51.488] [main/INFO] [net.neoforged.fml.loading.EarlyServiceDiscovery/]: Found 2 early service jars (out of 111) in 30ms
[173月2026 00:30:51.489] [main/INFO] [net.neoforged.fml.loading.FMLLoader/]: Loading FML Early Services:
[173月2026 00:30:51.490] [main/INFO] [net.neoforged.fml.loading.FMLLoader/]:  - C:/Users/20171/.gradle/caches/modules-2/files-2.1/net.neoforged.fancymodloader/earlydisplay/10.0.36/dbd0e11d545443f602addede111c39d9639708f9/earlydisplay-10.0.36.jar
[173月2026 00:30:51.518] [main/INFO] [net.neoforged.fml.loading.FMLLoader/]:  - C:/Users/20171/.gradle/caches/modules-2/files-2.1/net.neoforged.fancymodloader/loader/10.0.36/f72ab4d3e755fe736829883d90430a281527aca/loader-10.0.36.jar
[173月2026 00:30:51.524] [main/INFO] [net.neoforged.fml.loading.ImmediateWindowHandler/]: Not loading early display in headless mode.
[173月2026 00:30:51.581] [main/INFO] [net.neoforged.fml.loading.moddiscovery.locators.GameLocator/]: Detected a joined NeoForge and Minecraft configuration. Applying filtering...
[173月2026 00:30:51.699] [main/INFO] [net.neoforged.fml.loading.moddiscovery.locators.InDevFolderLocator/CORE]: Got mod coordinates PochiMod%%E:\mod\PochiMod\build\resources\main;PochiMod%%E:\mod\PochiMod\build\classes\java\main from env
[173月2026 00:30:51.880] [main/WARN] [net.neoforged.jarjar.selection.JarSelector/]: Attempted to select a dependency jar for JarJar which was passed in as source: library:mixinextras.neoforge. Using jar(C:/Users/20171/.gradle/caches/modules-2/files-2.1/io.github.llamalad7/mixinextras-neoforge/0.5.0/d734b83ce6542bb70ea31755c1595b88992dbe65/mixinextras-neoforge-0.5.0.jar)
[173月2026 00:30:51.880] [main/INFO] [net.neoforged.fml.loading.moddiscovery.locators.JarInJarDependencyLocator/]: Found 1 dependencies adding them to mods collection
[173月2026 00:30:51.883] [main/INFO] [net.neoforged.fml.loading.moddiscovery.ModDiscoverer/]: 
     Mod List:
		Name Version (Mod Id)

		Echoes of Eco 0.0.5-1.21.11 (pochimod)
		GeckoLib 5 5.4.2 (geckolib)
		Just Enough Items 27.4.0.15 (jei)
		Minecraft 1.21.11 (minecraft)
		NeoForge 21.11.38-beta (neoforge)
		TerraBlender 21.11.0.0 (terrablender)
[173月2026 00:30:52.557] [main/INFO] [mixin/]: SpongePowered MIXIN Subsystem Version=0.8.7 Source=file:/C:/Users/20171/.gradle/caches/modules-2/files-2.1/net.fabricmc/sponge-mixin/0.16.5+mixin.0.8.7/80fc3a9f592673cea87f4cd702f87991c6c9fe4d/sponge-mixin-0.16.5+mixin.0.8.7.jar Service=FML Env=SERVER
[173月2026 00:30:52.610] [main/INFO] [net.neoforged.fml.loading.FMLLoader/]: Loading FML Plugins:
[173月2026 00:30:52.610] [main/INFO] [net.neoforged.fml.loading.FMLLoader/]:  - C:/Users/20171/.gradle/caches/modules-2/files-2.1/net.neoforged/neoforge/21.11.38-beta/3425b0afef02d6a90f7204843bd3cb774c48e372/neoforge-21.11.38-beta-universal.jar > net.neoforged.neoforge-coremods-21.11.38-beta.jar
[173月2026 00:30:52.841] [main/INFO] [net.neoforged.fml.loading.FMLLoader/]: Building game content classloader:
 - geckolib (jar(C:/Users/20171/.gradle/caches/modules-2/files-2.1/software.bernie.geckolib/geckolib-neoforge-1.21.11/5.4.2/2b07b44da0d5b8f4f4f19b69d23a96ff30477c3/geckolib-neoforge-1.21.11-5.4.2.jar))
 - jei (jar(C:/Users/20171/.gradle/caches/modules-2/files-2.1/mezz.jei/jei-1.21.11-neoforge/27.4.0.15/33991c003af7eaa7abe610641838256130be3a25/jei-1.21.11-neoforge-27.4.0.15.jar))
 - minecraft (composite(filtered(jar(E:/mod/PochiMod/.gradle/repositories/ng_dummy_ng/net/neoforged/neoforge/21.11.38-beta/neoforge-21.11.38-beta.jar)), filtered(jar(E:/mod/PochiMod/.gradle/repositories/ng_dummy_ng/net/neoforged/neoforge/21.11.38-beta/neoforge-21.11.38-beta.jar))))
 - mixinextras.neoforge (jar(C:/Users/20171/.gradle/caches/modules-2/files-2.1/io.github.llamalad7/mixinextras-neoforge/0.5.0/d734b83ce6542bb70ea31755c1595b88992dbe65/mixinextras-neoforge-0.5.0.jar))
 - neoforge (composite(filtered(jar(C:/Users/20171/.gradle/caches/modules-2/files-2.1/net.neoforged/neoforge/21.11.38-beta/3425b0afef02d6a90f7204843bd3cb774c48e372/neoforge-21.11.38-beta-universal.jar))))
 - net.neoforged.fml.generated (empty(VirtualJar/net.neoforged.fml.generated))
 - pochimod (composite(folder(E:/mod/PochiMod/build/resources/main), folder(E:/mod/PochiMod/build/classes/java/main)))
 - terrablender (jar(C:/Users/20171/.gradle/caches/modules-2/files-2.1/com.github.glitchfiend/TerraBlender-neoforge/1.21.11-21.11.0.0/ecd358337a0e0f2f27b3d2bef2a423691c601388/TerraBlender-neoforge-1.21.11-21.11.0.0.jar))
[173月2026 00:30:52.908] [main/INFO] [net.neoforged.fml.loading.FMLLoader/]: Built game content classloader in 128ms
[173月2026 00:30:53.376] [main/WARN] [mixin/]: Reference map 'terrablender.refmap.json' for terrablender.mixins.json could not be read. If this is a development environment you can ignore this message
[173月2026 00:30:53.377] [main/WARN] [mixin/]: Reference map 'terrablender.refmap.json' for terrablender_neoforge.mixins.json could not be read. If this is a development environment you can ignore this message
[173月2026 00:30:53.377] [main/WARN] [mixin/]: Reference map 'geckolib.refmap.json' for geckolib.mixins.json could not be read. If this is a development environment you can ignore this message
[173月2026 00:30:54.169] [main/INFO] [net.neoforged.fml.loading.FMLLoader/]: Closing FML Loader 552ed807
[173月2026 00:30:54.174] [main/INFO] [net.neoforged.fml.ModLoader/]: Clearing ModLoader
