[173月2026 00:28:59.391] [main/INFO] [net.neoforged.fml.startup.Entrypoint/]: JVM Uptime at startup: 176ms
[173月2026 00:28:59.402] [main/INFO] [net.neoforged.fml.loading.FMLLoader/]: Starting FancyModLoader version 10.0.36 (CLIENT in DEV)
[173月2026 00:28:59.403] [main/INFO] [net.neoforged.fml.loading.FMLLoader/]: Game directory: E:\mod\PochiMod\runs\clientData
[173月2026 00:28:59.405] [main/DEBUG] [net.neoforged.fml.loading.FMLPaths/CORE]: Path GAMEDIR is E:\mod\PochiMod\runs\clientData
[173月2026 00:28:59.405] [main/DEBUG] [net.neoforged.fml.loading.FMLPaths/CORE]: Path JIJ_CACHEDIR is E:\mod\PochiMod\runs\clientData\.cache\jij
[173月2026 00:28:59.405] [main/DEBUG] [net.neoforged.fml.loading.FMLPaths/CORE]: Path MODSDIR is E:\mod\PochiMod\runs\clientData\mods
[173月2026 00:28:59.406] [main/DEBUG] [net.neoforged.fml.loading.FMLPaths/CORE]: Path CONFIGDIR is E:\mod\PochiMod\runs\clientData\config
[173月2026 00:28:59.407] [main/DEBUG] [net.neoforged.fml.loading.FMLPaths/CORE]: Path FMLCONFIG is E:\mod\PochiMod\runs\clientData\config\fml.toml
[173月2026 00:28:59.462] [main/DEBUG] [net.neoforged.fml.loading.EarlyServiceDiscovery/]: C:\Users\20171\.gradle\caches\modules-2\files-2.1\net.neoforged.fancymodloader\earlydisplay\10.0.36\dbd0e11d545443f602addede111c39d9639708f9\earlydisplay-10.0.36.jar contains early service net.neoforged.neoforgespi.earlywindow.ImmediateWindowProvider
[173月2026 00:28:59.465] [ForkJoinPool.commonPool-worker-15/DEBUG] [net.neoforged.fml.loading.EarlyServiceDiscovery/]: C:\Users\20171\.gradle\caches\modules-2\files-2.1\net.neoforged.fancymodloader\loader\10.0.36\f72ab4d3e755fe736829883d90430a281527aca\loader-10.0.36.jar contains early service net.neoforged.neoforgespi.locating.IDependencyLocator
[173月2026 00:28:59.480] [main/DEBUG] [net.neoforged.fml.loading.moddiscovery.ModFile/LOADING]: Loading mod file C:\Users\20171\.gradle\caches\modules-2\files-2.1\net.neoforged.fancymodloader\earlydisplay\10.0.36\dbd0e11d545443f602addede111c39d9639708f9\earlydisplay-10.0.36.jar with languages []
[173月2026 00:28:59.480] [ForkJoinPool.commonPool-worker-15/DEBUG] [net.neoforged.fml.loading.moddiscovery.ModFile/LOADING]: Loading mod file C:\Users\20171\.gradle\caches\modules-2\files-2.1\net.neoforged.fancymodloader\loader\10.0.36\f72ab4d3e755fe736829883d90430a281527aca\loader-10.0.36.jar with languages []
[173月2026 00:28:59.482] [main/INFO] [net.neoforged.fml.loading.EarlyServiceDiscovery/]: Found 2 early service jars (out of 111) in 31ms
[173月2026 00:28:59.483] [main/INFO] [net.neoforged.fml.loading.FMLLoader/]: Loading FML Early Services:
[173月2026 00:28:59.484] [main/INFO] [net.neoforged.fml.loading.FMLLoader/]:  - C:/Users/20171/.gradle/caches/modules-2/files-2.1/net.neoforged.fancymodloader/earlydisplay/10.0.36/dbd0e11d545443f602addede111c39d9639708f9/earlydisplay-10.0.36.jar
[173月2026 00:28:59.484] [main/INFO] [net.neoforged.fml.loading.FMLLoader/]:  - C:/Users/20171/.gradle/caches/modules-2/files-2.1/net.neoforged.fancymodloader/loader/10.0.36/f72ab4d3e755fe736829883d90430a281527aca/loader-10.0.36.jar
[173月2026 00:28:59.490] [main/DEBUG] [net.neoforged.fml.util.ServiceLoaderUtil/CORE]: Found 0 implementations of GraphicsBootstrapper:
[173月2026 00:28:59.491] [main/INFO] [net.neoforged.fml.loading.ImmediateWindowHandler/]: Not loading early display in headless mode.
[173月2026 00:28:59.498] [main/DEBUG] [net.neoforged.fml.util.ServiceLoaderUtil/CORE]: Found 4 implementations of IModFileCandidateLocator:
[173月2026 00:28:59.499] [main/DEBUG] [net.neoforged.fml.util.ServiceLoaderUtil/CORE]: 	    1000 - [built-in] net.neoforged.fml.loading.moddiscovery.locators.GameLocator from C:/Users/20171/.gradle/caches/modules-2/files-2.1/net.neoforged.fancymodloader/loader/10.0.36/f72ab4d3e755fe736829883d90430a281527aca/loader-10.0.36.jar
[173月2026 00:28:59.499] [main/DEBUG] [net.neoforged.fml.util.ServiceLoaderUtil/CORE]: 	    1000 - [built-in] net.neoforged.fml.loading.moddiscovery.locators.InDevFolderLocator from C:/Users/20171/.gradle/caches/modules-2/files-2.1/net.neoforged.fancymodloader/loader/10.0.36/f72ab4d3e755fe736829883d90430a281527aca/loader-10.0.36.jar
[173月2026 00:28:59.500] [main/DEBUG] [net.neoforged.fml.util.ServiceLoaderUtil/CORE]: 	    1000 - [built-in] net.neoforged.fml.loading.moddiscovery.locators.InDevJarLocator from C:/Users/20171/.gradle/caches/modules-2/files-2.1/net.neoforged.fancymodloader/loader/10.0.36/f72ab4d3e755fe736829883d90430a281527aca/loader-10.0.36.jar
[173月2026 00:28:59.500] [main/DEBUG] [net.neoforged.fml.util.ServiceLoaderUtil/CORE]: 	       0 - [built-in] net.neoforged.fml.loading.moddiscovery.locators.ModsFolderLocator from C:/Users/20171/.gradle/caches/modules-2/files-2.1/net.neoforged.fancymodloader/loader/10.0.36/f72ab4d3e755fe736829883d90430a281527aca/loader-10.0.36.jar
[173月2026 00:28:59.501] [main/DEBUG] [net.neoforged.fml.util.ServiceLoaderUtil/CORE]: Found 2 implementations of IModFileReader:
[173月2026 00:28:59.502] [main/DEBUG] [net.neoforged.fml.util.ServiceLoaderUtil/CORE]: 	       0 - net.neoforged.fml.loading.moddiscovery.readers.JarModsDotTomlModFileReader from C:/Users/20171/.gradle/caches/modules-2/files-2.1/net.neoforged.fancymodloader/loader/10.0.36/f72ab4d3e755fe736829883d90430a281527aca/loader-10.0.36.jar
[173月2026 00:28:59.502] [main/DEBUG] [net.neoforged.fml.util.ServiceLoaderUtil/CORE]: 	   -1000 - net.neoforged.fml.loading.moddiscovery.readers.NestedLibraryModReader from C:/Users/20171/.gradle/caches/modules-2/files-2.1/net.neoforged.fancymodloader/loader/10.0.36/f72ab4d3e755fe736829883d90430a281527aca/loader-10.0.36.jar
[173月2026 00:28:59.504] [main/DEBUG] [net.neoforged.fml.util.ServiceLoaderUtil/CORE]: Found 1 implementations of IDependencyLocator:
[173月2026 00:28:59.505] [main/DEBUG] [net.neoforged.fml.util.ServiceLoaderUtil/CORE]: 	       0 - net.neoforged.fml.loading.moddiscovery.locators.JarInJarDependencyLocator from C:/Users/20171/.gradle/caches/modules-2/files-2.1/net.neoforged.fancymodloader/loader/10.0.36/f72ab4d3e755fe736829883d90430a281527aca/loader-10.0.36.jar
[173月2026 00:28:59.544] [main/DEBUG] [net.neoforged.fml.loading.moddiscovery.locators.RequiredSystemFiles/]: Found NeoForge MANIFEST.MF in jar(C:/Users/20171/.gradle/caches/modules-2/files-2.1/net.neoforged/neoforge/21.11.38-beta/3425b0afef02d6a90f7204843bd3cb774c48e372/neoforge-21.11.38-beta-universal.jar)
[173月2026 00:28:59.545] [main/INFO] [net.neoforged.fml.loading.moddiscovery.locators.GameLocator/]: Detected a joined NeoForge and Minecraft configuration. Applying filtering...
[173月2026 00:28:59.649] [main/DEBUG] [net.neoforged.fml.loading.moddiscovery.ModFileInfo/LOADING]: Found valid mod file neoforge-21.11.38-beta.jar with {minecraft} mods - versions {1.21.11}
[173月2026 00:28:59.658] [main/DEBUG] [net.neoforged.fml.loading.moddiscovery.ModFile/LOADING]: Loading mod file E:\mod\PochiMod\.gradle\repositories\ng_dummy_ng\net\neoforged\neoforge\21.11.38-beta\neoforge-21.11.38-beta.jar with languages [LanguageSpec[languageName=minecraft, acceptedVersions=1]]
[173月2026 00:28:59.660] [main/DEBUG] [net.neoforged.fml.loading.moddiscovery.ModFileParser/LOADING]: Considering mod file candidate C:\Users\20171\.gradle\caches\modules-2\files-2.1\net.neoforged\neoforge\21.11.38-beta\3425b0afef02d6a90f7204843bd3cb774c48e372\neoforge-21.11.38-beta-universal.jar
[173月2026 00:28:59.664] [main/DEBUG] [net.neoforged.fml.loading.moddiscovery.ModFileInfo/LOADING]: Found valid mod file neoforge-21.11.38-beta-universal.jar with {neoforge} mods - versions {21.11.38-beta}
[173月2026 00:28:59.664] [main/DEBUG] [net.neoforged.fml.loading.moddiscovery.ModFile/LOADING]: Loading mod file C:\Users\20171\.gradle\caches\modules-2\files-2.1\net.neoforged\neoforge\21.11.38-beta\3425b0afef02d6a90f7204843bd3cb774c48e372\neoforge-21.11.38-beta-universal.jar with languages [LanguageSpec[languageName=javafml, acceptedVersions=[3,]]]
[173月2026 00:28:59.668] [main/DEBUG] [net.neoforged.fml.loading.moddiscovery.ModFile/LOADING]: Found mixin config MixinConfig[config=neoforge.mixins.json, requiredMods=[], behaviorVersion=null]
[173月2026 00:28:59.670] [main/INFO] [net.neoforged.fml.loading.moddiscovery.locators.InDevFolderLocator/CORE]: Got mod coordinates PochiMod%%E:\mod\PochiMod\build\resources\main;PochiMod%%E:\mod\PochiMod\build\classes\java\main from env
[173月2026 00:28:59.675] [main/DEBUG] [net.neoforged.fml.loading.moddiscovery.ModFileParser/LOADING]: Considering mod file candidate E:\mod\PochiMod\build\resources\main
[173月2026 00:28:59.679] [main/DEBUG] [net.neoforged.fml.loading.moddiscovery.ModFileInfo/LOADING]: Found valid mod file main with {pochimod} mods - versions {0.0.5-1.21.11}
[173月2026 00:28:59.680] [main/DEBUG] [net.neoforged.fml.loading.moddiscovery.ModFile/LOADING]: Loading mod file E:\mod\PochiMod\build\resources\main with languages [LanguageSpec[languageName=javafml, acceptedVersions=[4,)]]
[173月2026 00:28:59.681] [main/DEBUG] [net.neoforged.fml.loading.moddiscovery.ModDiscoverer/]: Skipping E:\mod\PochiMod\.gradle\repositories\ng_dummy_ng\net\neoforged\neoforge\21.11.38-beta\neoforge-21.11.38-beta.jar because it was already located earlier
[173月2026 00:28:59.682] [main/DEBUG] [net.neoforged.fml.loading.moddiscovery.ModFileParser/LOADING]: Considering mod file candidate C:\Users\20171\.gradle\caches\modules-2\files-2.1\software.bernie.geckolib\geckolib-neoforge-1.21.11\5.4.2\2b07b44da0d5b8f4f4f19b69d23a96ff30477c3\geckolib-neoforge-1.21.11-5.4.2.jar
[173月2026 00:28:59.683] [main/DEBUG] [net.neoforged.fml.loading.moddiscovery.ModFileInfo/LOADING]: Found valid mod file geckolib-neoforge-1.21.11-5.4.2.jar with {geckolib} mods - versions {5.4.2}
[173月2026 00:28:59.684] [main/DEBUG] [net.neoforged.fml.loading.moddiscovery.ModFile/LOADING]: Loading mod file C:\Users\20171\.gradle\caches\modules-2\files-2.1\software.bernie.geckolib\geckolib-neoforge-1.21.11\5.4.2\2b07b44da0d5b8f4f4f19b69d23a96ff30477c3\geckolib-neoforge-1.21.11-5.4.2.jar with languages [LanguageSpec[languageName=javafml, acceptedVersions=[5,)]]
[173月2026 00:28:59.684] [main/DEBUG] [net.neoforged.fml.loading.moddiscovery.ModFile/LOADING]: Found mixin config MixinConfig[config=geckolib.mixins.json, requiredMods=[], behaviorVersion=null]
[173月2026 00:28:59.685] [main/DEBUG] [net.neoforged.fml.loading.moddiscovery.ModFileParser/LOADING]: Considering mod file candidate C:\Users\20171\.gradle\caches\modules-2\files-2.1\com.github.glitchfiend\TerraBlender-neoforge\1.21.11-21.11.0.0\ecd358337a0e0f2f27b3d2bef2a423691c601388\TerraBlender-neoforge-1.21.11-21.11.0.0.jar
[173月2026 00:28:59.690] [main/DEBUG] [net.neoforged.fml.loading.moddiscovery.ModFileInfo/LOADING]: Found valid mod file TerraBlender-neoforge-1.21.11-21.11.0.0.jar with {terrablender} mods - versions {21.11.0.0}
[173月2026 00:28:59.690] [main/DEBUG] [net.neoforged.fml.loading.moddiscovery.ModFile/LOADING]: Loading mod file C:\Users\20171\.gradle\caches\modules-2\files-2.1\com.github.glitchfiend\TerraBlender-neoforge\1.21.11-21.11.0.0\ecd358337a0e0f2f27b3d2bef2a423691c601388\TerraBlender-neoforge-1.21.11-21.11.0.0.jar with languages [LanguageSpec[languageName=javafml, acceptedVersions=[1,)]]
[173月2026 00:28:59.690] [main/DEBUG] [net.neoforged.fml.loading.moddiscovery.ModFile/LOADING]: Found mixin config MixinConfig[config=terrablender.mixins.json, requiredMods=[], behaviorVersion=null]
[173月2026 00:28:59.690] [main/DEBUG] [net.neoforged.fml.loading.moddiscovery.ModFile/LOADING]: Found mixin config MixinConfig[config=terrablender_neoforge.mixins.json, requiredMods=[], behaviorVersion=null]
[173月2026 00:28:59.691] [main/DEBUG] [net.neoforged.fml.loading.moddiscovery.ModFileParser/LOADING]: Considering mod file candidate C:\Users\20171\.gradle\caches\modules-2\files-2.1\mezz.jei\jei-1.21.11-neoforge\27.4.0.15\33991c003af7eaa7abe610641838256130be3a25\jei-1.21.11-neoforge-27.4.0.15.jar
[173月2026 00:28:59.693] [main/DEBUG] [net.neoforged.fml.loading.moddiscovery.ModFileInfo/LOADING]: Found valid mod file jei-1.21.11-neoforge-27.4.0.15.jar with {jei} mods - versions {27.4.0.15}
[173月2026 00:28:59.694] [main/DEBUG] [net.neoforged.fml.loading.moddiscovery.ModFile/LOADING]: Loading mod file C:\Users\20171\.gradle\caches\modules-2\files-2.1\mezz.jei\jei-1.21.11-neoforge\27.4.0.15\33991c003af7eaa7abe610641838256130be3a25\jei-1.21.11-neoforge-27.4.0.15.jar with languages [LanguageSpec[languageName=javafml, acceptedVersions=[4,)]]
[173月2026 00:28:59.694] [main/DEBUG] [net.neoforged.fml.loading.moddiscovery.ModDiscoverer/]: Skipping C:\Users\20171\.gradle\caches\modules-2\files-2.1\net.neoforged\neoforge\21.11.38-beta\3425b0afef02d6a90f7204843bd3cb774c48e372\neoforge-21.11.38-beta-universal.jar because it was already located earlier
[173月2026 00:28:59.733] [main/DEBUG] [net.neoforged.fml.loading.moddiscovery.ModFile/LOADING]: Loading mod file C:\Users\20171\.gradle\caches\modules-2\files-2.1\io.github.llamalad7\mixinextras-neoforge\0.5.0\d734b83ce6542bb70ea31755c1595b88992dbe65\mixinextras-neoforge-0.5.0.jar with languages []
[173月2026 00:28:59.866] [main/DEBUG] [net.neoforged.fml.loading.moddiscovery.ModFile/LOADING]: Loading mod file E:\mod\PochiMod\runs\clientData\.cache\jij\9c617719248f8b89847348fc7ea5e705739c147ae5e172551264d225bc9f2507\mixinextras-neoforge-0.5.0.jar with languages []
[173月2026 00:28:59.868] [main/DEBUG] [net.neoforged.fml.loading.moddiscovery.ModFile/LOADING]: Loading mod file E:\mod\PochiMod\runs\clientData\.cache\jij\54bb3c61f37ced77ba30dc02ca5b2f71ced259612101a8b1325855cff9d9755c\net.neoforged.neoforge-coremods-21.11.38-beta.jar with languages []
[173月2026 00:28:59.898] [main/WARN] [net.neoforged.jarjar.selection.JarSelector/]: Attempted to select a dependency jar for JarJar which was passed in as source: library:mixinextras.neoforge. Using jar(C:/Users/20171/.gradle/caches/modules-2/files-2.1/io.github.llamalad7/mixinextras-neoforge/0.5.0/d734b83ce6542bb70ea31755c1595b88992dbe65/mixinextras-neoforge-0.5.0.jar)
[173月2026 00:28:59.898] [main/INFO] [net.neoforged.fml.loading.moddiscovery.locators.JarInJarDependencyLocator/]: Found 1 dependencies adding them to mods collection
[173月2026 00:28:59.902] [main/INFO] [net.neoforged.fml.loading.moddiscovery.ModDiscoverer/]: 
     Mod List:
		Name Version (Mod Id)

		Echoes of Eco 0.0.5-1.21.11 (pochimod)
		GeckoLib 5 5.4.2 (geckolib)
		Just Enough Items 27.4.0.15 (jei)
		Minecraft 1.21.11 (minecraft)
		NeoForge 21.11.38-beta (neoforge)
		TerraBlender 21.11.0.0 (terrablender)
[173月2026 00:28:59.906] [main/DEBUG] [net.neoforged.fml.loading.ModSorter/]: Configured system mods: [minecraft, neoforge]
[173月2026 00:28:59.906] [main/DEBUG] [net.neoforged.fml.loading.ModSorter/]: Found system mod: minecraft
[173月2026 00:28:59.906] [main/DEBUG] [net.neoforged.fml.loading.ModSorter/]: Found system mod: neoforge
[173月2026 00:28:59.910] [main/DEBUG] [net.neoforged.fml.loading.ModSorter/LOADING]: Found 8 mod requirements (8 mandatory, 0 optional)
[173月2026 00:28:59.911] [main/DEBUG] [net.neoforged.fml.loading.ModSorter/LOADING]: Found 0 mod requirements missing (0 mandatory, 0 optional)
[173月2026 00:29:00.243] [main/INFO] [mixin/]: SpongePowered MIXIN Subsystem Version=0.8.7 Source=file:/C:/Users/20171/.gradle/caches/modules-2/files-2.1/net.fabricmc/sponge-mixin/0.16.5+mixin.0.8.7/80fc3a9f592673cea87f4cd702f87991c6c9fe4d/sponge-mixin-0.16.5+mixin.0.8.7.jar Service=FML Env=CLIENT
[173月2026 00:29:00.279] [main/DEBUG] [mixin/]: Initialising Mixin Platform Manager
[173月2026 00:29:00.280] [main/DEBUG] [mixin/]: Adding mixin platform agents for container ContainerHandleVirtual(fml:18c85)
[173月2026 00:29:00.283] [main/DEBUG] [mixin/]: Instancing new MixinPlatformAgentDefault for ContainerHandleVirtual(fml:18c85)
[173月2026 00:29:00.284] [main/DEBUG] [mixin/]: MixinPlatformAgentDefault accepted container ContainerHandleVirtual(fml:18c85)
[173月2026 00:29:00.284] [main/DEBUG] [mixin/]: Instancing new MixinPlatformAgentDefault for ContainerHandleVirtual(fml:18c85)
[173月2026 00:29:00.285] [main/DEBUG] [mixin/]: MixinPlatformAgentDefault accepted container ContainerHandleVirtual(fml:18c85)
[173月2026 00:29:00.286] [main/DEBUG] [mixin/]: Processing prepare() for PlatformAgent[MixinPlatformAgentDefault:ContainerHandleVirtual(fml:18c85)]
[173月2026 00:29:00.286] [main/DEBUG] [mixin/]: Processing prepare() for PlatformAgent[MixinPlatformAgentDefault:ContainerHandleVirtual(fml:18c85)]
[173月2026 00:29:00.287] [main/INFO] [net.neoforged.fml.loading.FMLLoader/]: Loading FML Plugins:
[173月2026 00:29:00.288] [main/INFO] [net.neoforged.fml.loading.FMLLoader/]:  - C:/Users/20171/.gradle/caches/modules-2/files-2.1/net.neoforged/neoforge/21.11.38-beta/3425b0afef02d6a90f7204843bd3cb774c48e372/neoforge-21.11.38-beta-universal.jar > net.neoforged.neoforge-coremods-21.11.38-beta.jar
[173月2026 00:29:00.305] [main/DEBUG] [net.neoforged.fml.util.ServiceLoaderUtil/CORE]: Found 2 implementations of IModLanguageLoader:
[173月2026 00:29:00.305] [main/DEBUG] [net.neoforged.fml.util.ServiceLoaderUtil/CORE]: 	net.neoforged.fml.javafmlmod.FMLJavaModLanguageProvider from C:/Users/20171/.gradle/caches/modules-2/files-2.1/net.neoforged.fancymodloader/loader/10.0.36/f72ab4d3e755fe736829883d90430a281527aca/loader-10.0.36.jar
[173月2026 00:29:00.305] [main/DEBUG] [net.neoforged.fml.util.ServiceLoaderUtil/CORE]: 	net.neoforged.fml.mclanguageprovider.MinecraftModLanguageProvider from C:/Users/20171/.gradle/caches/modules-2/files-2.1/net.neoforged.fancymodloader/loader/10.0.36/f72ab4d3e755fe736829883d90430a281527aca/loader-10.0.36.jar
[173月2026 00:29:00.306] [main/DEBUG] [net.neoforged.fml.loading.LanguageProviderLoader/CORE]: Found language provider javafml, version 10.0
[173月2026 00:29:00.307] [main/DEBUG] [net.neoforged.fml.loading.LanguageProviderLoader/CORE]: Found language provider minecraft, version 10.0
[173月2026 00:29:00.311] [main/DEBUG] [net.neoforged.fml.loading.FMLLoader/]: Adding Access Transformer META-INF/accesstransformer.cfg in jar(C:/Users/20171/.gradle/caches/modules-2/files-2.1/com.github.glitchfiend/TerraBlender-neoforge/1.21.11-21.11.0.0/ecd358337a0e0f2f27b3d2bef2a423691c601388/TerraBlender-neoforge-1.21.11-21.11.0.0.jar)
[173月2026 00:29:00.332] [main/DEBUG] [net.neoforged.fml.loading.FMLLoader/]: Adding Access Transformer META-INF/accesstransformer.cfg in jar(C:/Users/20171/.gradle/caches/modules-2/files-2.1/software.bernie.geckolib/geckolib-neoforge-1.21.11/5.4.2/2b07b44da0d5b8f4f4f19b69d23a96ff30477c3/geckolib-neoforge-1.21.11-5.4.2.jar)
[173月2026 00:29:00.335] [main/DEBUG] [net.neoforged.fml.loading.FMLLoader/]: Adding Access Transformer META-INF/accesstransformer.cfg in composite(filtered(jar(C:/Users/20171/.gradle/caches/modules-2/files-2.1/net.neoforged/neoforge/21.11.38-beta/3425b0afef02d6a90f7204843bd3cb774c48e372/neoforge-21.11.38-beta-universal.jar)))
[173月2026 00:29:00.350] [main/DEBUG] [net.neoforged.fml.loading.FMLLoader/]: Adding Access Transformer META-INF/accesstransformergenerated.cfg in composite(filtered(jar(C:/Users/20171/.gradle/caches/modules-2/files-2.1/net.neoforged/neoforge/21.11.38-beta/3425b0afef02d6a90f7204843bd3cb774c48e372/neoforge-21.11.38-beta-universal.jar)))
[173月2026 00:29:00.358] [main/DEBUG] [net.neoforged.fml.loading.FMLLoader/]: Adding Access Transformer META-INF/accesstransformer.cfg in jar(C:/Users/20171/.gradle/caches/modules-2/files-2.1/mezz.jei/jei-1.21.11-neoforge/27.4.0.15/33991c003af7eaa7abe610641838256130be3a25/jei-1.21.11-neoforge-27.4.0.15.jar)
[173月2026 00:29:00.364] [main/DEBUG] [net.neoforged.fml.util.ServiceLoaderUtil/CORE]: Found 4 implementations of ClassProcessor:
[173月2026 00:29:00.364] [main/DEBUG] [net.neoforged.fml.util.ServiceLoaderUtil/CORE]: 	[built-in] net.neoforged.fml.common.asm.AccessTransformerService from C:/Users/20171/.gradle/caches/modules-2/files-2.1/net.neoforged.fancymodloader/loader/10.0.36/f72ab4d3e755fe736829883d90430a281527aca/loader-10.0.36.jar
[173月2026 00:29:00.364] [main/DEBUG] [net.neoforged.fml.util.ServiceLoaderUtil/CORE]: 	[built-in] net.neoforged.fml.common.asm.enumextension.RuntimeEnumExtender from C:/Users/20171/.gradle/caches/modules-2/files-2.1/net.neoforged.fancymodloader/loader/10.0.36/f72ab4d3e755fe736829883d90430a281527aca/loader-10.0.36.jar
[173月2026 00:29:00.364] [main/DEBUG] [net.neoforged.fml.util.ServiceLoaderUtil/CORE]: 	[built-in] net.neoforged.fml.common.asm.SimpleProcessorsGroup from C:/Users/20171/.gradle/caches/modules-2/files-2.1/net.neoforged.fancymodloader/loader/10.0.36/f72ab4d3e755fe736829883d90430a281527aca/loader-10.0.36.jar
[173月2026 00:29:00.366] [main/DEBUG] [net.neoforged.fml.util.ServiceLoaderUtil/CORE]: 	[built-in] net.neoforged.fml.loading.mixin.FMLMixinClassProcessor from C:/Users/20171/.gradle/caches/modules-2/files-2.1/net.neoforged.fancymodloader/loader/10.0.36/f72ab4d3e755fe736829883d90430a281527aca/loader-10.0.36.jar
[173月2026 00:29:00.368] [main/DEBUG] [net.neoforged.fml.util.ServiceLoaderUtil/CORE]: Found 1 implementations of ClassProcessorProvider:
[173月2026 00:29:00.368] [main/DEBUG] [net.neoforged.fml.util.ServiceLoaderUtil/CORE]: 	net.neoforged.neoforge.coremods.NeoForgeCoreMod from C:/Users/20171/.gradle/caches/modules-2/files-2.1/net.neoforged/neoforge/21.11.38-beta/3425b0afef02d6a90f7204843bd3cb774c48e372/neoforge-21.11.38-beta-universal.jar > net.neoforged.neoforge-coremods-21.11.38-beta.jar
[173月2026 00:29:00.407] [main/DEBUG] [net.neoforged.fml.loading.FMLLoader/]: Masking classpath elements: [C:/Users/20171/.gradle/caches/modules-2/files-2.1/software.bernie.geckolib/geckolib-neoforge-1.21.11/5.4.2/2b07b44da0d5b8f4f4f19b69d23a96ff30477c3/geckolib-neoforge-1.21.11-5.4.2.jar, E:/mod/PochiMod/build/resources/main, C:/Users/20171/.gradle/caches/modules-2/files-2.1/com.github.glitchfiend/TerraBlender-neoforge/1.21.11-21.11.0.0/ecd358337a0e0f2f27b3d2bef2a423691c601388/TerraBlender-neoforge-1.21.11-21.11.0.0.jar, C:/Users/20171/.gradle/caches/modules-2/files-2.1/mezz.jei/jei-1.21.11-neoforge/27.4.0.15/33991c003af7eaa7abe610641838256130be3a25/jei-1.21.11-neoforge-27.4.0.15.jar, E:/mod/PochiMod/build/classes/java/main, E:/mod/PochiMod/.gradle/repositories/ng_dummy_ng/net/neoforged/neoforge/21.11.38-beta/neoforge-21.11.38-beta.jar, C:/Users/20171/.gradle/caches/modules-2/files-2.1/net.neoforged/neoforge/21.11.38-beta/3425b0afef02d6a90f7204843bd3cb774c48e372/neoforge-21.11.38-beta-universal.jar, C:/Users/20171/.gradle/caches/modules-2/files-2.1/io.github.llamalad7/mixinextras-neoforge/0.5.0/d734b83ce6542bb70ea31755c1595b88992dbe65/mixinextras-neoforge-0.5.0.jar]
[173月2026 00:29:00.421] [main/INFO] [net.neoforged.fml.loading.FMLLoader/]: Building game content classloader:
 - geckolib (jar(C:/Users/20171/.gradle/caches/modules-2/files-2.1/software.bernie.geckolib/geckolib-neoforge-1.21.11/5.4.2/2b07b44da0d5b8f4f4f19b69d23a96ff30477c3/geckolib-neoforge-1.21.11-5.4.2.jar))
 - jei (jar(C:/Users/20171/.gradle/caches/modules-2/files-2.1/mezz.jei/jei-1.21.11-neoforge/27.4.0.15/33991c003af7eaa7abe610641838256130be3a25/jei-1.21.11-neoforge-27.4.0.15.jar))
 - minecraft (composite(filtered(jar(E:/mod/PochiMod/.gradle/repositories/ng_dummy_ng/net/neoforged/neoforge/21.11.38-beta/neoforge-21.11.38-beta.jar)), filtered(jar(E:/mod/PochiMod/.gradle/repositories/ng_dummy_ng/net/neoforged/neoforge/21.11.38-beta/neoforge-21.11.38-beta.jar))))
 - mixinextras.neoforge (jar(C:/Users/20171/.gradle/caches/modules-2/files-2.1/io.github.llamalad7/mixinextras-neoforge/0.5.0/d734b83ce6542bb70ea31755c1595b88992dbe65/mixinextras-neoforge-0.5.0.jar))
 - neoforge (composite(filtered(jar(C:/Users/20171/.gradle/caches/modules-2/files-2.1/net.neoforged/neoforge/21.11.38-beta/3425b0afef02d6a90f7204843bd3cb774c48e372/neoforge-21.11.38-beta-universal.jar))))
 - net.neoforged.fml.generated (empty(VirtualJar/net.neoforged.fml.generated))
 - pochimod (composite(folder(E:/mod/PochiMod/build/resources/main), folder(E:/mod/PochiMod/build/classes/java/main)))
 - terrablender (jar(C:/Users/20171/.gradle/caches/modules-2/files-2.1/com.github.glitchfiend/TerraBlender-neoforge/1.21.11-21.11.0.0/ecd358337a0e0f2f27b3d2bef2a423691c601388/TerraBlender-neoforge-1.21.11-21.11.0.0.jar))
[173月2026 00:29:00.436] [main/INFO] [net.neoforged.fml.loading.FMLLoader/]: Built game content classloader in 28ms
[173月2026 00:29:00.485] [main/DEBUG] [mixin/]: Compatibility level JAVA_17 specified by terrablender.mixins.json is lower than the default level supported by the current mixin service (JAVA_21).
[173月2026 00:29:00.485] [main/DEBUG] [mixin/]: Compatibility level JAVA_17 specified by terrablender.mixins.json is higher than the maximum level supported by this version of mixin (JAVA_13).
[173月2026 00:29:00.486] [main/DEBUG] [mixin/]: Compatibility level JAVA_17 specified by terrablender_neoforge.mixins.json is lower than the default level supported by the current mixin service (JAVA_21).
[173月2026 00:29:00.487] [main/DEBUG] [mixin/]: Compatibility level JAVA_17 specified by terrablender_neoforge.mixins.json is higher than the maximum level supported by this version of mixin (JAVA_13).
[173月2026 00:29:00.488] [main/DEBUG] [mixin/]: Compatibility level JAVA_17 specified by geckolib.mixins.json is lower than the default level supported by the current mixin service (JAVA_21).
[173月2026 00:29:00.489] [main/DEBUG] [mixin/]: Compatibility level JAVA_17 specified by geckolib.mixins.json is higher than the maximum level supported by this version of mixin (JAVA_13).
[173月2026 00:29:00.492] [main/DEBUG] [mixin/]: Processing launch tasks for PlatformAgent[MixinPlatformAgentDefault:ContainerHandleVirtual(fml:18c85)]
[173月2026 00:29:00.492] [main/DEBUG] [mixin/]: Processing launch tasks for PlatformAgent[MixinPlatformAgentDefault:ContainerHandleVirtual(fml:18c85)]
[173月2026 00:29:00.493] [main/DEBUG] [mixin/]: Adding agents for Mixin Container composite(filtered(jar(C:/Users/20171/.gradle/caches/modules-2/files-2.1/net.neoforged/neoforge/21.11.38-beta/3425b0afef02d6a90f7204843bd3cb774c48e372/neoforge-21.11.38-beta-universal.jar))) > jar(C:/Users/20171/.gradle/caches/modules-2/files-2.1/net.neoforged/neoforge/21.11.38-beta/3425b0afef02d6a90f7204843bd3cb774c48e372/neoforge-21.11.38-beta-universal.jar > net.neoforged.neoforge-coremods-21.11.38-beta.jar)
[173月2026 00:29:00.493] [main/DEBUG] [mixin/]: Adding mixin platform agents for container composite(filtered(jar(C:/Users/20171/.gradle/caches/modules-2/files-2.1/net.neoforged/neoforge/21.11.38-beta/3425b0afef02d6a90f7204843bd3cb774c48e372/neoforge-21.11.38-beta-universal.jar))) > jar(C:/Users/20171/.gradle/caches/modules-2/files-2.1/net.neoforged/neoforge/21.11.38-beta/3425b0afef02d6a90f7204843bd3cb774c48e372/neoforge-21.11.38-beta-universal.jar > net.neoforged.neoforge-coremods-21.11.38-beta.jar)
[173月2026 00:29:00.493] [main/DEBUG] [mixin/]: Instancing new MixinPlatformAgentDefault for composite(filtered(jar(C:/Users/20171/.gradle/caches/modules-2/files-2.1/net.neoforged/neoforge/21.11.38-beta/3425b0afef02d6a90f7204843bd3cb774c48e372/neoforge-21.11.38-beta-universal.jar))) > jar(C:/Users/20171/.gradle/caches/modules-2/files-2.1/net.neoforged/neoforge/21.11.38-beta/3425b0afef02d6a90f7204843bd3cb774c48e372/neoforge-21.11.38-beta-universal.jar > net.neoforged.neoforge-coremods-21.11.38-beta.jar)
[173月2026 00:29:00.493] [main/DEBUG] [mixin/]: MixinPlatformAgentDefault accepted container composite(filtered(jar(C:/Users/20171/.gradle/caches/modules-2/files-2.1/net.neoforged/neoforge/21.11.38-beta/3425b0afef02d6a90f7204843bd3cb774c48e372/neoforge-21.11.38-beta-universal.jar))) > jar(C:/Users/20171/.gradle/caches/modules-2/files-2.1/net.neoforged/neoforge/21.11.38-beta/3425b0afef02d6a90f7204843bd3cb774c48e372/neoforge-21.11.38-beta-universal.jar > net.neoforged.neoforge-coremods-21.11.38-beta.jar)
[173月2026 00:29:00.493] [main/DEBUG] [mixin/]: Instancing new MixinPlatformAgentDefault for composite(filtered(jar(C:/Users/20171/.gradle/caches/modules-2/files-2.1/net.neoforged/neoforge/21.11.38-beta/3425b0afef02d6a90f7204843bd3cb774c48e372/neoforge-21.11.38-beta-universal.jar))) > jar(C:/Users/20171/.gradle/caches/modules-2/files-2.1/net.neoforged/neoforge/21.11.38-beta/3425b0afef02d6a90f7204843bd3cb774c48e372/neoforge-21.11.38-beta-universal.jar > net.neoforged.neoforge-coremods-21.11.38-beta.jar)
[173月2026 00:29:00.494] [main/DEBUG] [mixin/]: MixinPlatformAgentDefault accepted container composite(filtered(jar(C:/Users/20171/.gradle/caches/modules-2/files-2.1/net.neoforged/neoforge/21.11.38-beta/3425b0afef02d6a90f7204843bd3cb774c48e372/neoforge-21.11.38-beta-universal.jar))) > jar(C:/Users/20171/.gradle/caches/modules-2/files-2.1/net.neoforged/neoforge/21.11.38-beta/3425b0afef02d6a90f7204843bd3cb774c48e372/neoforge-21.11.38-beta-universal.jar > net.neoforged.neoforge-coremods-21.11.38-beta.jar)
[173月2026 00:29:00.494] [main/DEBUG] [mixin/]: Processing prepare() for PlatformAgent[MixinPlatformAgentDefault:composite(filtered(jar(C:/Users/20171/.gradle/caches/modules-2/files-2.1/net.neoforged/neoforge/21.11.38-beta/3425b0afef02d6a90f7204843bd3cb774c48e372/neoforge-21.11.38-beta-universal.jar))) > jar(C:/Users/20171/.gradle/caches/modules-2/files-2.1/net.neoforged/neoforge/21.11.38-beta/3425b0afef02d6a90f7204843bd3cb774c48e372/neoforge-21.11.38-beta-universal.jar > net.neoforged.neoforge-coremods-21.11.38-beta.jar)]
[173月2026 00:29:00.494] [main/DEBUG] [mixin/]: Processing prepare() for PlatformAgent[MixinPlatformAgentDefault:composite(filtered(jar(C:/Users/20171/.gradle/caches/modules-2/files-2.1/net.neoforged/neoforge/21.11.38-beta/3425b0afef02d6a90f7204843bd3cb774c48e372/neoforge-21.11.38-beta-universal.jar))) > jar(C:/Users/20171/.gradle/caches/modules-2/files-2.1/net.neoforged/neoforge/21.11.38-beta/3425b0afef02d6a90f7204843bd3cb774c48e372/neoforge-21.11.38-beta-universal.jar > net.neoforged.neoforge-coremods-21.11.38-beta.jar)]
[173月2026 00:29:00.495] [main/DEBUG] [mixin/]: Adding agents for Mixin Container jar(C:/Users/20171/.gradle/caches/modules-2/files-2.1/io.github.llamalad7/mixinextras-neoforge/0.5.0/d734b83ce6542bb70ea31755c1595b88992dbe65/mixinextras-neoforge-0.5.0.jar)
[173月2026 00:29:00.495] [main/DEBUG] [mixin/]: Adding mixin platform agents for container jar(C:/Users/20171/.gradle/caches/modules-2/files-2.1/io.github.llamalad7/mixinextras-neoforge/0.5.0/d734b83ce6542bb70ea31755c1595b88992dbe65/mixinextras-neoforge-0.5.0.jar)
[173月2026 00:29:00.495] [main/DEBUG] [mixin/]: Instancing new MixinPlatformAgentDefault for jar(C:/Users/20171/.gradle/caches/modules-2/files-2.1/io.github.llamalad7/mixinextras-neoforge/0.5.0/d734b83ce6542bb70ea31755c1595b88992dbe65/mixinextras-neoforge-0.5.0.jar)
[173月2026 00:29:00.495] [main/DEBUG] [mixin/]: MixinPlatformAgentDefault accepted container jar(C:/Users/20171/.gradle/caches/modules-2/files-2.1/io.github.llamalad7/mixinextras-neoforge/0.5.0/d734b83ce6542bb70ea31755c1595b88992dbe65/mixinextras-neoforge-0.5.0.jar)
[173月2026 00:29:00.496] [main/DEBUG] [mixin/]: Instancing new MixinPlatformAgentDefault for jar(C:/Users/20171/.gradle/caches/modules-2/files-2.1/io.github.llamalad7/mixinextras-neoforge/0.5.0/d734b83ce6542bb70ea31755c1595b88992dbe65/mixinextras-neoforge-0.5.0.jar)
[173月2026 00:29:00.496] [main/DEBUG] [mixin/]: MixinPlatformAgentDefault accepted container jar(C:/Users/20171/.gradle/caches/modules-2/files-2.1/io.github.llamalad7/mixinextras-neoforge/0.5.0/d734b83ce6542bb70ea31755c1595b88992dbe65/mixinextras-neoforge-0.5.0.jar)
[173月2026 00:29:00.496] [main/DEBUG] [mixin/]: Processing prepare() for PlatformAgent[MixinPlatformAgentDefault:jar(C:/Users/20171/.gradle/caches/modules-2/files-2.1/io.github.llamalad7/mixinextras-neoforge/0.5.0/d734b83ce6542bb70ea31755c1595b88992dbe65/mixinextras-neoforge-0.5.0.jar)]
[173月2026 00:29:00.496] [main/DEBUG] [mixin/]: Registering mixin config: mixinextras.init.mixins.json source=jar(C:/Users/20171/.gradle/caches/modules-2/files-2.1/io.github.llamalad7/mixinextras-neoforge/0.5.0/d734b83ce6542bb70ea31755c1595b88992dbe65/mixinextras-neoforge-0.5.0.jar)
[173月2026 00:29:00.499] [main/DEBUG] [mixin/]: Processing prepare() for PlatformAgent[MixinPlatformAgentDefault:jar(C:/Users/20171/.gradle/caches/modules-2/files-2.1/io.github.llamalad7/mixinextras-neoforge/0.5.0/d734b83ce6542bb70ea31755c1595b88992dbe65/mixinextras-neoforge-0.5.0.jar)]
[173月2026 00:29:00.499] [main/DEBUG] [mixin/]: Registering mixin config: mixinextras.init.mixins.json source=jar(C:/Users/20171/.gradle/caches/modules-2/files-2.1/io.github.llamalad7/mixinextras-neoforge/0.5.0/d734b83ce6542bb70ea31755c1595b88992dbe65/mixinextras-neoforge-0.5.0.jar)
[173月2026 00:29:00.500] [main/DEBUG] [mixin/]: inject() running with 3 agents
[173月2026 00:29:00.500] [main/DEBUG] [mixin/]: Processing inject() for PlatformAgent[MixinPlatformAgentDefault:ContainerHandleVirtual(fml:18c85)]
[173月2026 00:29:00.500] [main/DEBUG] [mixin/]: Processing inject() for PlatformAgent[MixinPlatformAgentDefault:ContainerHandleVirtual(fml:18c85)]
[173月2026 00:29:00.500] [main/DEBUG] [mixin/]: Processing inject() for PlatformAgent[MixinPlatformAgentDefault:composite(filtered(jar(C:/Users/20171/.gradle/caches/modules-2/files-2.1/net.neoforged/neoforge/21.11.38-beta/3425b0afef02d6a90f7204843bd3cb774c48e372/neoforge-21.11.38-beta-universal.jar))) > jar(C:/Users/20171/.gradle/caches/modules-2/files-2.1/net.neoforged/neoforge/21.11.38-beta/3425b0afef02d6a90f7204843bd3cb774c48e372/neoforge-21.11.38-beta-universal.jar > net.neoforged.neoforge-coremods-21.11.38-beta.jar)]
[173月2026 00:29:00.502] [main/DEBUG] [mixin/]: Processing inject() for PlatformAgent[MixinPlatformAgentDefault:composite(filtered(jar(C:/Users/20171/.gradle/caches/modules-2/files-2.1/net.neoforged/neoforge/21.11.38-beta/3425b0afef02d6a90f7204843bd3cb774c48e372/neoforge-21.11.38-beta-universal.jar))) > jar(C:/Users/20171/.gradle/caches/modules-2/files-2.1/net.neoforged/neoforge/21.11.38-beta/3425b0afef02d6a90f7204843bd3cb774c48e372/neoforge-21.11.38-beta-universal.jar > net.neoforged.neoforge-coremods-21.11.38-beta.jar)]
[173月2026 00:29:00.502] [main/DEBUG] [mixin/]: Processing inject() for PlatformAgent[MixinPlatformAgentDefault:jar(C:/Users/20171/.gradle/caches/modules-2/files-2.1/io.github.llamalad7/mixinextras-neoforge/0.5.0/d734b83ce6542bb70ea31755c1595b88992dbe65/mixinextras-neoforge-0.5.0.jar)]
[173月2026 00:29:00.502] [main/DEBUG] [mixin/]: Processing inject() for PlatformAgent[MixinPlatformAgentDefault:jar(C:/Users/20171/.gradle/caches/modules-2/files-2.1/io.github.llamalad7/mixinextras-neoforge/0.5.0/d734b83ce6542bb70ea31755c1595b88992dbe65/mixinextras-neoforge-0.5.0.jar)]
[173月2026 00:29:00.507] [main/DEBUG] [mixin/]: Preparing mixins for MixinEnvironment[DEFAULT]
[173月2026 00:29:00.507] [main/DEBUG] [mixin/]: Selecting config terrablender.mixins.json
[173月2026 00:29:00.513] [main/WARN] [mixin/]: Reference map 'terrablender.refmap.json' for terrablender.mixins.json could not be read. If this is a development environment you can ignore this message
[173月2026 00:29:00.514] [main/DEBUG] [mixin/]: Selecting config terrablender_neoforge.mixins.json
[173月2026 00:29:00.514] [main/WARN] [mixin/]: Reference map 'terrablender.refmap.json' for terrablender_neoforge.mixins.json could not be read. If this is a development environment you can ignore this message
[173月2026 00:29:00.515] [main/DEBUG] [mixin/]: Selecting config geckolib.mixins.json
[173月2026 00:29:00.515] [main/WARN] [mixin/]: Reference map 'geckolib.refmap.json' for geckolib.mixins.json could not be read. If this is a development environment you can ignore this message
[173月2026 00:29:00.515] [main/DEBUG] [mixin/]: Selecting config neoforge.mixins.json
[173月2026 00:29:00.516] [main/DEBUG] [mixin/]: Selecting config mixinextras.init.mixins.json
[173月2026 00:29:00.568] [main/DEBUG] [MixinExtras|Service/]: com.llamalad7.mixinextras.service.MixinExtrasServiceImpl(version=0.5.0) is taking over from null
[173月2026 00:29:00.603] [main/DEBUG] [mixin/]: Registering new injector for @Inject with org.spongepowered.asm.mixin.injection.struct.CallbackInjectionInfo
[173月2026 00:29:00.604] [main/DEBUG] [mixin/]: Registering new injector for @ModifyArg with org.spongepowered.asm.mixin.injection.struct.ModifyArgInjectionInfo
[173月2026 00:29:00.605] [main/DEBUG] [mixin/]: Registering new injector for @ModifyArgs with org.spongepowered.asm.mixin.injection.struct.ModifyArgsInjectionInfo
[173月2026 00:29:00.606] [main/DEBUG] [mixin/]: Registering new injector for @Redirect with org.spongepowered.asm.mixin.injection.struct.RedirectInjectionInfo
[173月2026 00:29:00.607] [main/DEBUG] [mixin/]: Registering new injector for @ModifyVariable with org.spongepowered.asm.mixin.injection.struct.ModifyVariableInjectionInfo
[173月2026 00:29:00.608] [main/DEBUG] [mixin/]: Registering new injector for @ModifyConstant with org.spongepowered.asm.mixin.injection.struct.ModifyConstantInjectionInfo
[173月2026 00:29:00.624] [main/DEBUG] [mixin/]: Preparing terrablender.mixins.json (11)
[173月2026 00:29:00.778] [main/DEBUG] [mixin/]: Preparing terrablender_neoforge.mixins.json (0)
[173月2026 00:29:00.778] [main/DEBUG] [mixin/]: Preparing geckolib.mixins.json (12)
[173月2026 00:29:00.919] [main/DEBUG] [mixin/]: Preparing neoforge.mixins.json (2)
[173月2026 00:29:00.925] [main/DEBUG] [mixin/]: Preparing mixinextras.init.mixins.json (0)
[173月2026 00:29:01.116] [main/DEBUG] [mixin/]: Prepared 25 mixins in 0.606 sec (24.2ms avg) (0ms load, 0ms transform, 0ms plugin)
[173月2026 00:29:01.126] [main/DEBUG] [io.netty.util.internal.logging.InternalLoggerFactory/]: Using SLF4J as the default logging framework
[173月2026 00:29:01.128] [main/DEBUG] [io.netty.util.ResourceLeakDetector/]: -Dio.netty.leakDetection.level: simple
[173月2026 00:29:01.128] [main/DEBUG] [io.netty.util.ResourceLeakDetector/]: -Dio.netty.leakDetection.targetRecords: 4
[173月2026 00:29:01.404] [main/INFO] [MixinExtras|Service/]: Initializing MixinExtras via com.llamalad7.mixinextras.service.MixinExtrasServiceImpl(version=0.5.0).
[173月2026 00:29:01.405] [main/DEBUG] [mixin/]: Registering new injector for @SugarWrapper with com.llamalad7.mixinextras.sugar.impl.SugarWrapperInjectionInfo
[173月2026 00:29:01.406] [main/DEBUG] [mixin/]: Registering new injector for @FactoryRedirectWrapper with com.llamalad7.mixinextras.wrapper.factory.FactoryRedirectWrapperInjectionInfo
[173月2026 00:29:01.407] [main/DEBUG] [mixin/]: Registering new injector for @ExpressionInjectorWrapper with com.llamalad7.mixinextras.expression.impl.wrapper.ExpressionInjectorWrapperInjectionInfo
[173月2026 00:29:01.421] [main/DEBUG] [mixin/]: Mixing MixinBuiltInRegistries from terrablender.mixins.json into net.minecraft.core.registries.BuiltInRegistries
[173月2026 00:29:01.423] [main/DEBUG] [mixin/]: terrablender.mixins.json:MixinBuiltInRegistries from mod terrablender: Class version 65 required is higher than the class version supported by the current version of Mixin (JAVA_17 supports class version 61)
[173月2026 00:29:01.432] [main/DEBUG] [mixin/]: Renaming synthetic method lambda$registerSimple$0(Lnet/minecraft/core/registries/BuiltInRegistries$RegistryBootstrap;Lnet/minecraft/core/Registry;)Ljava/lang/Object; to md43ab76$terrablender$lambda$registerSimple$0$0 in terrablender.mixins.json:MixinBuiltInRegistries from mod terrablender
[173月2026 00:29:01.488] [main/DEBUG] [mixin/]: terrablender.mixins.json:MixinBuiltInRegistries from mod terrablender->@Inject::registerSimple(Lnet/minecraft/resources/ResourceKey;Lnet/minecraft/core/registries/BuiltInRegistries$RegistryBootstrap;Lorg/spongepowered/asm/mixin/injection/callback/CallbackInfoReturnable;)V does use it's CallbackInfoReturnable
[173月2026 00:29:01.504] [main/DEBUG] [mixin/]: Mixing MappedRegistryAccessor from neoforge.mixins.json into net.minecraft.core.MappedRegistry
[173月2026 00:29:02.197] [main/DEBUG] [mixin/]: Mixing common.LivingEntityMixin from geckolib.mixins.json into net.minecraft.world.entity.LivingEntity
[173月2026 00:29:02.213] [main/DEBUG] [mixin/]: geckolib.mixins.json:common.LivingEntityMixin from mod geckolib: Class version 65 required is higher than the class version supported by the current version of Mixin (JAVA_17 supports class version 61)
[173月2026 00:29:03.243] [main/DEBUG] [mixin/]: Mixing BlockEntityTypeAccessor from neoforge.mixins.json into net.minecraft.world.level.block.entity.BlockEntityType
[173月2026 00:29:03.282] [main/DEBUG] [mixin/]: Mixing common.AbstractContainerMenuMixin from geckolib.mixins.json into net.minecraft.world.inventory.AbstractContainerMenu
[173月2026 00:29:03.283] [main/DEBUG] [mixin/]: geckolib.mixins.json:common.AbstractContainerMenuMixin from mod geckolib: Class version 65 required is higher than the class version supported by the current version of Mixin (JAVA_17 supports class version 61)
[173月2026 00:29:03.542] [main/DEBUG] [mixin/]: Mixing common.ItemStackMixin from geckolib.mixins.json into net.minecraft.world.item.ItemStack
[173月2026 00:29:03.543] [main/DEBUG] [mixin/]: geckolib.mixins.json:common.ItemStackMixin from mod geckolib: Class version 65 required is higher than the class version supported by the current version of Mixin (JAVA_17 supports class version 61)
[173月2026 00:29:07.079] [main/DEBUG] [mixin/]: Mixing MixinBiomeSource from terrablender.mixins.json into net.minecraft.world.level.biome.BiomeSource
[173月2026 00:29:07.080] [main/DEBUG] [mixin/]: terrablender.mixins.json:MixinBiomeSource from mod terrablender: Class version 65 required is higher than the class version supported by the current version of Mixin (JAVA_17 supports class version 61)
[173月2026 00:29:07.081] [main/DEBUG] [mixin/]: Renaming synthetic method lambda$appendDeferredBiomesList$0(Ljava/util/List;)Ljava/util/Set; to md43ab76$terrablender$lambda$appendDeferredBiomesList$0$0 in terrablender.mixins.json:MixinBiomeSource from mod terrablender
[173月2026 00:29:07.214] [main/DEBUG] [mixin/]: Mixing MixinMultiNoiseBiomeSource from terrablender.mixins.json into net.minecraft.world.level.biome.MultiNoiseBiomeSource
[173月2026 00:29:07.214] [main/DEBUG] [mixin/]: terrablender.mixins.json:MixinMultiNoiseBiomeSource from mod terrablender: Class version 65 required is higher than the class version supported by the current version of Mixin (JAVA_17 supports class version 61)
[173月2026 00:29:07.218] [main/DEBUG] [mixin/]: Mixing MultiNoiseBiomeSourceAccess from terrablender.mixins.json into net.minecraft.world.level.biome.MultiNoiseBiomeSource
[173月2026 00:29:07.218] [main/DEBUG] [mixin/]: terrablender.mixins.json:MultiNoiseBiomeSourceAccess from mod terrablender: Class version 65 required is higher than the class version supported by the current version of Mixin (JAVA_17 supports class version 61)
[173月2026 00:29:07.250] [main/DEBUG] [mixin/]: terrablender.mixins.json:MixinMultiNoiseBiomeSource from mod terrablender->@Inject::getNoiseBiome(IIILnet/minecraft/world/level/biome/Climate$Sampler;Lorg/spongepowered/asm/mixin/injection/callback/CallbackInfoReturnable;)V does use it's CallbackInfoReturnable
[173月2026 00:29:07.250] [main/DEBUG] [mixin/]: terrablender.mixins.json:MixinMultiNoiseBiomeSource from mod terrablender->@Inject::addDebugInfo(Ljava/util/List;Lnet/minecraft/core/BlockPos;Lnet/minecraft/world/level/biome/Climate$Sampler;Lorg/spongepowered/asm/mixin/injection/callback/CallbackInfo;)V doesn't use it's CallbackInfo
[173月2026 00:29:07.250] [main/DEBUG] [mixin/]: terrablender.mixins.json:MixinMultiNoiseBiomeSource from mod terrablender->@Inject::addDebugInfo(Ljava/util/List;Lnet/minecraft/core/BlockPos;Lnet/minecraft/world/level/biome/Climate$Sampler;Lorg/spongepowered/asm/mixin/injection/callback/CallbackInfo;)V has 0 override(s) in child classes
[173月2026 00:29:07.251] [main/DEBUG] [mixin/]: terrablender.mixins.json:MixinMultiNoiseBiomeSource from mod terrablender->@Inject::addDebugInfo(Ljava/util/List;Lnet/minecraft/core/BlockPos;Lnet/minecraft/world/level/biome/Climate$Sampler;Lorg/spongepowered/asm/mixin/injection/callback/CallbackInfo;)V won't be passed a CallbackInfo as a result
[173月2026 00:29:07.253] [main/DEBUG] [mixin/]: Mixing MixinParameterList from terrablender.mixins.json into net.minecraft.world.level.biome.Climate$ParameterList
[173月2026 00:29:07.253] [main/DEBUG] [mixin/]: terrablender.mixins.json:MixinParameterList from mod terrablender: Class version 65 required is higher than the class version supported by the current version of Mixin (JAVA_17 supports class version 61)
[173月2026 00:29:07.253] [main/DEBUG] [mixin/]: Renaming synthetic method lambda$initializeForTerraBlender$1(Lnet/minecraft/core/Registry;Ljava/util/List;Lcom/mojang/datafixers/util/Pair;)V to md43ab76$terrablender$lambda$initializeForTerraBlender$1$0 in terrablender.mixins.json:MixinParameterList from mod terrablender
[173月2026 00:29:07.253] [main/DEBUG] [mixin/]: Renaming synthetic method lambda$initializeForTerraBlender$0(Lterrablender/api/RegionType;JLterrablender/worldgen/noise/InitialLayer;)Lterrablender/worldgen/noise/Area; to md43ab76$terrablender$lambda$initializeForTerraBlender$0$1 in terrablender.mixins.json:MixinParameterList from mod terrablender
[173月2026 00:29:07.268] [main/DEBUG] [mixin/]: Mixing MixinTheEndBiomeSource from terrablender.mixins.json into net.minecraft.world.level.biome.TheEndBiomeSource
[173月2026 00:29:07.269] [main/DEBUG] [mixin/]: terrablender.mixins.json:MixinTheEndBiomeSource from mod terrablender: Class version 65 required is higher than the class version supported by the current version of Mixin (JAVA_17 supports class version 61)
[173月2026 00:29:07.270] [main/DEBUG] [mixin/]: Renaming synthetic method lambda$initializeForTerraBlender$0(Lnet/minecraft/resources/ResourceKey;)V to md43ab76$terrablender$lambda$initializeForTerraBlender$0$0 in terrablender.mixins.json:MixinTheEndBiomeSource from mod terrablender
[173月2026 00:29:07.277] [main/DEBUG] [mixin/]: terrablender.mixins.json:MixinTheEndBiomeSource from mod terrablender->@Inject::onCollectPossibleBiomes(Lorg/spongepowered/asm/mixin/injection/callback/CallbackInfoReturnable;)V does use it's CallbackInfoReturnable
[173月2026 00:29:07.277] [main/DEBUG] [mixin/]: terrablender.mixins.json:MixinTheEndBiomeSource from mod terrablender->@Inject::onGetNoiseBiome(IIILnet/minecraft/world/level/biome/Climate$Sampler;Lorg/spongepowered/asm/mixin/injection/callback/CallbackInfoReturnable;)V does use it's CallbackInfoReturnable
[173月2026 00:29:07.282] [main/DEBUG] [mixin/]: Mixing MixinNoiseBasedChunkGenerator from terrablender.mixins.json into net.minecraft.world.level.levelgen.NoiseBasedChunkGenerator
[173月2026 00:29:07.283] [main/DEBUG] [mixin/]: terrablender.mixins.json:MixinNoiseBasedChunkGenerator from mod terrablender: Class version 65 required is higher than the class version supported by the current version of Mixin (JAVA_17 supports class version 61)
[173月2026 00:29:07.290] [main/DEBUG] [mixin/]: Mixing MixinChunkGenerator from terrablender.mixins.json into net.minecraft.world.level.chunk.ChunkGenerator
[173月2026 00:29:07.290] [main/DEBUG] [mixin/]: terrablender.mixins.json:MixinChunkGenerator from mod terrablender: Class version 65 required is higher than the class version supported by the current version of Mixin (JAVA_17 supports class version 61)
[173月2026 00:29:07.291] [main/DEBUG] [mixin/]: terrablender.mixins.json:MixinChunkGenerator from mod terrablender->@Inject::validate(Lorg/spongepowered/asm/mixin/injection/callback/CallbackInfo;)V does use it's CallbackInfo
[173月2026 00:29:07.295] [main/DEBUG] [mixin/]: Mixing MixinNoiseGeneratorSettings from terrablender.mixins.json into net.minecraft.world.level.levelgen.NoiseGeneratorSettings
[173月2026 00:29:07.296] [main/DEBUG] [mixin/]: terrablender.mixins.json:MixinNoiseGeneratorSettings from mod terrablender: Class version 65 required is higher than the class version supported by the current version of Mixin (JAVA_17 supports class version 61)
[173月2026 00:29:07.299] [main/DEBUG] [mixin/]: terrablender.mixins.json:MixinNoiseGeneratorSettings from mod terrablender->@Inject::surfaceRule(Lorg/spongepowered/asm/mixin/injection/callback/CallbackInfoReturnable;)V does use it's CallbackInfoReturnable
[173月2026 00:29:07.679] [main/INFO] [net.neoforged.neoforge.data.loading.DatagenModLoader/]: Initializing Data Gatherer for mods [pochimod]
[173月2026 00:29:07.682] [main/DEBUG] [net.neoforged.fml.ModWorkManager/LOADING]: Using 16 threads for parallel mod-loading
[173月2026 00:29:07.692] [main/DEBUG] [net.neoforged.fml.javafmlmod.FMLModContainer/LOADING]: Creating FMLModContainer instance for terrablender with entrypoints [terrablender.core.TerraBlenderNeoForge]
[173月2026 00:29:07.699] [main/DEBUG] [net.neoforged.fml.javafmlmod.FMLModContainer/LOADING]: Creating FMLModContainer instance for geckolib with entrypoints [software.bernie.geckolib.GeckoLib]
[173月2026 00:29:07.700] [main/DEBUG] [net.neoforged.fml.javafmlmod.FMLModContainer/LOADING]: Creating FMLModContainer instance for neoforge with entrypoints [net.neoforged.neoforge.common.NeoForgeMod, net.neoforged.neoforge.common.OnlyInWarningsHandler, net.neoforged.neoforge.client.ClientNeoForgeMod]
[173月2026 00:29:07.704] [main/DEBUG] [net.neoforged.fml.javafmlmod.FMLModContainer/LOADING]: Creating FMLModContainer instance for jei with entrypoints [mezz.jei.neoforge.JustEnoughItems]
[173月2026 00:29:07.705] [main/DEBUG] [net.neoforged.fml.javafmlmod.FMLModContainer/LOADING]: Creating FMLModContainer instance for pochimod with entrypoints [net.pochi.pochimod.PochiMod]
[173月2026 00:29:07.724] [modloading-worker-0/DEBUG] [GeckoLib/]: Loaded software.bernie.geckolib.platform.GeckoLibNeoForge@33a59d47 for service interface software.bernie.geckolib.service.GeckoLibPlatform
[173月2026 00:29:07.725] [modloading-worker-0/DEBUG] [GeckoLib/]: Loaded software.bernie.geckolib.network.GeckoLibNetworkingNeoForge@17c8787f for service interface software.bernie.geckolib.service.GeckoLibNetworking
[173月2026 00:29:07.725] [modloading-worker-0/DEBUG] [net.neoforged.fml.javafmlmod.AutomaticEventSubscriber/LOADING]: Attempting to inject @EventBusSubscriber classes into the eventbus for geckolib
[173月2026 00:29:07.726] [modloading-worker-0/DEBUG] [net.neoforged.fml.javafmlmod.AutomaticEventSubscriber/LOADING]: Scanning class software.bernie.geckolib.GeckoLibClient for @SubscribeEvent-annotated methods
[173月2026 00:29:07.728] [modloading-worker-0/INFO] [net.neoforged.neoforge.common.NeoForgeMod/NEOFORGE-MOD]: NeoForge mod loading, version 21.11.38-beta, for MC 1.21.11
[173月2026 00:29:07.729] [modloading-worker-0/DEBUG] [net.neoforged.fml.javafmlmod.AutomaticEventSubscriber/LOADING]: Subscribing method public static void software.bernie.geckolib.GeckoLibClient.registerReloadListeners(net.neoforged.neoforge.client.event.AddClientReloadListenersEvent) to the event bus of mod geckolib
[173月2026 00:29:07.729] [modloading-worker-0/DEBUG] [net.neoforged.fml.config.ConfigTracker/CONFIG]: Config file jei-server.toml for jei tracking
[173月2026 00:29:07.739] [modloading-worker-0/DEBUG] [net.neoforged.fml.config.ConfigTracker/CONFIG]: Config file neoforge-server.toml for neoforge tracking
[173月2026 00:29:07.742] [modloading-worker-0/DEBUG] [net.neoforged.fml.config.ConfigTracker/CONFIG]: Config file neoforge-common.toml for neoforge tracking
[173月2026 00:29:07.769] [modloading-worker-0/DEBUG] [net.neoforged.fml.javafmlmod.AutomaticEventSubscriber/LOADING]: Attempting to inject @EventBusSubscriber classes into the eventbus for terrablender
[173月2026 00:29:07.804] [modloading-worker-0/DEBUG] [net.neoforged.fml.config.ConfigTracker/CONFIG]: Config file neoforge-client.toml for neoforge tracking
[173月2026 00:29:07.774] [modloading-worker-0/DEBUG] [mezz.jei.common.platform.Services/]: Loaded mezz.jei.neoforge.platform.PlatformHelper@39ae8b86 for service interface mezz.jei.common.platform.IPlatformHelper
[173月2026 00:29:07.841] [modloading-worker-0/DEBUG] [mezz.jei.common.config.file.ConfigSchema/]: Localization has not loaded yet, waiting to save the config file until JEI starts.
[173月2026 00:29:07.844] [modloading-worker-0/DEBUG] [mezz.jei.common.config.file.ConfigSchema/]: Localization has not loaded yet, waiting to save the config file until JEI starts.
[173月2026 00:29:07.846] [modloading-worker-0/DEBUG] [mezz.jei.common.config.file.ConfigSchema/]: Localization has not loaded yet, waiting to save the config file until JEI starts.
[173月2026 00:29:07.854] [modloading-worker-0/DEBUG] [mezz.jei.common.config.file.ConfigSchema/]: Localization has not loaded yet, waiting to save the config file until JEI starts.
[173月2026 00:29:07.856] [modloading-worker-0/DEBUG] [net.neoforged.fml.javafmlmod.AutomaticEventSubscriber/LOADING]: Attempting to inject @EventBusSubscriber classes into the eventbus for neoforge
[173月2026 00:29:07.856] [modloading-worker-0/DEBUG] [net.neoforged.fml.javafmlmod.AutomaticEventSubscriber/LOADING]: Scanning class net.neoforged.neoforge.attachment.AttachmentInternals for @SubscribeEvent-annotated methods
[173月2026 00:29:07.857] [modloading-worker-0/INFO] [mezz.jei.library.load.PluginCaller/]: Sending ConfigManager...
[173月2026 00:29:07.858] [modloading-worker-0/DEBUG] [net.neoforged.fml.javafmlmod.AutomaticEventSubscriber/LOADING]: Subscribing method public static void net.neoforged.neoforge.attachment.AttachmentInternals.onPlayerClone(net.neoforged.neoforge.event.entity.player.PlayerEvent$Clone) to the game event bus
[173月2026 00:29:07.860] [modloading-worker-0/DEBUG] [mezz.jei.library.load.PluginCallerTimerRunnable/]: Sending ConfigManager: jei:minecraft...
[173月2026 00:29:07.860] [modloading-worker-0/DEBUG] [mezz.jei.library.load.PluginCallerTimerRunnable/]: Sending ConfigManager: jei:gui...
[173月2026 00:29:07.860] [modloading-worker-0/DEBUG] [mezz.jei.library.load.PluginCallerTimerRunnable/]: Sending ConfigManager: jei:debug...
[173月2026 00:29:07.861] [modloading-worker-0/DEBUG] [mezz.jei.library.load.PluginCallerTimerRunnable/]: Sending ConfigManager: jei:neoforge_gui...
[173月2026 00:29:07.861] [modloading-worker-0/DEBUG] [mezz.jei.library.load.PluginCallerTimerRunnable/]: Sending ConfigManager: pochimod:jei_plugin...
[173月2026 00:29:07.861] [modloading-worker-0/DEBUG] [mezz.jei.library.load.PluginCallerTimerRunnable/]: Sending ConfigManager: jei:internal...
[173月2026 00:29:07.864] [modloading-worker-0/INFO] [mezz.jei.library.load.PluginCaller/]: Sending ConfigManager took 2.985 milliseconds
[173月2026 00:29:07.865] [modloading-worker-0/DEBUG] [net.neoforged.fml.javafmlmod.AutomaticEventSubscriber/LOADING]: Subscribing method public static void net.neoforged.neoforge.attachment.AttachmentInternals.onLivingConvert(net.neoforged.neoforge.event.entity.living.LivingConversionEvent$Post) to the game event bus
[173月2026 00:29:07.866] [modloading-worker-0/DEBUG] [net.neoforged.fml.javafmlmod.AutomaticEventSubscriber/LOADING]: Scanning class net.neoforged.neoforge.attachment.AttachmentSync for @SubscribeEvent-annotated methods
[173月2026 00:29:07.869] [modloading-worker-0/DEBUG] [net.neoforged.fml.javafmlmod.AutomaticEventSubscriber/LOADING]: Subscribing method public static void net.neoforged.neoforge.attachment.AttachmentSync.onChunkSent(net.neoforged.neoforge.event.level.ChunkWatchEvent$Sent) to the game event bus
[173月2026 00:29:07.870] [modloading-worker-0/DEBUG] [net.neoforged.fml.javafmlmod.AutomaticEventSubscriber/LOADING]: Scanning class net.neoforged.neoforge.client.BlockEntityRenderBoundsDebugRenderer for @SubscribeEvent-annotated methods
[173月2026 00:29:07.870] [modloading-worker-0/DEBUG] [net.neoforged.fml.javafmlmod.AutomaticEventSubscriber/LOADING]: Attempting to inject @EventBusSubscriber classes into the eventbus for jei
[173月2026 00:29:07.873] [modloading-worker-0/DEBUG] [net.neoforged.fml.javafmlmod.AutomaticEventSubscriber/LOADING]: Subscribing method public static void net.neoforged.neoforge.client.BlockEntityRenderBoundsDebugRenderer.onRenderLevelStage(net.neoforged.neoforge.client.event.RenderLevelStageEvent$AfterEntities) to the game event bus
[173月2026 00:29:07.873] [modloading-worker-0/DEBUG] [net.neoforged.fml.javafmlmod.AutomaticEventSubscriber/LOADING]: Subscribing method public static void net.neoforged.neoforge.client.BlockEntityRenderBoundsDebugRenderer.onExtractLevelRenderState(net.neoforged.neoforge.client.event.ExtractLevelRenderStateEvent) to the game event bus
[173月2026 00:29:07.873] [modloading-worker-0/DEBUG] [net.neoforged.fml.javafmlmod.AutomaticEventSubscriber/LOADING]: Subscribing method public static void net.neoforged.neoforge.client.BlockEntityRenderBoundsDebugRenderer.onRegisterClientCommands(net.neoforged.neoforge.client.event.RegisterClientCommandsEvent) to the game event bus
[173月2026 00:29:07.874] [modloading-worker-0/DEBUG] [net.neoforged.fml.javafmlmod.AutomaticEventSubscriber/LOADING]: Scanning class net.neoforged.neoforge.client.NeoForgeRenderPipelines for @SubscribeEvent-annotated methods
[173月2026 00:29:07.889] [modloading-worker-0/DEBUG] [net.neoforged.fml.javafmlmod.AutomaticEventSubscriber/LOADING]: Subscribing method static void net.neoforged.neoforge.client.NeoForgeRenderPipelines.registerPipelines(net.neoforged.neoforge.client.event.RegisterRenderPipelinesEvent) to the event bus of mod neoforge
[173月2026 00:29:07.890] [modloading-worker-0/DEBUG] [net.neoforged.fml.javafmlmod.AutomaticEventSubscriber/LOADING]: Scanning class net.neoforged.neoforge.client.network.ClientPayloadHandler for @SubscribeEvent-annotated methods
[173月2026 00:29:07.902] [modloading-worker-0/DEBUG] [net.neoforged.fml.javafmlmod.AutomaticEventSubscriber/LOADING]: Subscribing method private static void net.neoforged.neoforge.client.network.ClientPayloadHandler.register(net.neoforged.neoforge.client.network.event.RegisterClientPayloadHandlersEvent) to the event bus of mod neoforge
[173月2026 00:29:07.902] [modloading-worker-0/DEBUG] [net.neoforged.fml.javafmlmod.AutomaticEventSubscriber/LOADING]: Scanning class net.neoforged.neoforge.common.MonsterRoomHooks for @SubscribeEvent-annotated methods
[173月2026 00:29:07.903] [modloading-worker-0/DEBUG] [net.neoforged.fml.javafmlmod.AutomaticEventSubscriber/LOADING]: Subscribing method public static void net.neoforged.neoforge.common.MonsterRoomHooks.onDataMapsUpdated(net.neoforged.neoforge.registries.datamaps.DataMapsUpdatedEvent) to the game event bus
[173月2026 00:29:07.903] [modloading-worker-0/DEBUG] [net.neoforged.fml.javafmlmod.AutomaticEventSubscriber/LOADING]: Scanning class net.neoforged.neoforge.model.data.ModelDataManager for @SubscribeEvent-annotated methods
[173月2026 00:29:07.904] [modloading-worker-0/DEBUG] [net.neoforged.fml.javafmlmod.AutomaticEventSubscriber/LOADING]: Subscribing method public static void net.neoforged.neoforge.model.data.ModelDataManager.onChunkUnload(net.neoforged.neoforge.event.level.ChunkEvent$Unload) to the game event bus
[173月2026 00:29:07.905] [modloading-worker-0/DEBUG] [net.neoforged.fml.javafmlmod.AutomaticEventSubscriber/LOADING]: Scanning class net.neoforged.neoforge.network.ConfigurationInitialization for @SubscribeEvent-annotated methods
[173月2026 00:29:07.908] [modloading-worker-0/DEBUG] [net.neoforged.fml.javafmlmod.AutomaticEventSubscriber/LOADING]: Subscribing method private static void net.neoforged.neoforge.network.ConfigurationInitialization.configureModdedClient(net.neoforged.neoforge.network.event.RegisterConfigurationTasksEvent) to the event bus of mod neoforge
[173月2026 00:29:07.909] [modloading-worker-0/DEBUG] [net.neoforged.fml.javafmlmod.AutomaticEventSubscriber/LOADING]: Scanning class net.neoforged.neoforge.network.NetworkInitialization for @SubscribeEvent-annotated methods
[173月2026 00:29:07.909] [modloading-worker-0/DEBUG] [net.neoforged.fml.javafmlmod.AutomaticEventSubscriber/LOADING]: Subscribing method private static void net.neoforged.neoforge.network.NetworkInitialization.register(net.neoforged.neoforge.network.event.RegisterPayloadHandlersEvent) to the event bus of mod neoforge
[173月2026 00:29:07.910] [modloading-worker-0/DEBUG] [net.neoforged.fml.javafmlmod.AutomaticEventSubscriber/LOADING]: Scanning class net.neoforged.neoforge.network.filters.GenericPacketSplitter for @SubscribeEvent-annotated methods
[173月2026 00:29:07.927] [modloading-worker-0/DEBUG] [io.netty.util.internal.PlatformDependent0/]: Java version: 21
[173月2026 00:29:07.928] [modloading-worker-0/DEBUG] [io.netty.util.internal.PlatformDependent0/]: -Dio.netty.noUnsafe: false
[173月2026 00:29:07.929] [modloading-worker-0/DEBUG] [io.netty.util.internal.PlatformDependent0/]: sun.misc.Unsafe.theUnsafe: available
[173月2026 00:29:07.930] [modloading-worker-0/DEBUG] [io.netty.util.internal.PlatformDependent0/]: sun.misc.Unsafe base methods: all available
[173月2026 00:29:07.930] [modloading-worker-0/DEBUG] [io.netty.util.internal.PlatformDependent0/]: java.nio.Buffer.address: available
[173月2026 00:29:07.931] [modloading-worker-0/DEBUG] [io.netty.util.internal.PlatformDependent0/]: java.nio.Bits.unaligned: available, true
[173月2026 00:29:07.933] [modloading-worker-0/DEBUG] [io.netty.util.internal.PlatformDependent0/]: java.nio.DirectByteBuffer.<init>(long, {int,long}): unavailable
[173月2026 00:29:07.933] [modloading-worker-0/DEBUG] [io.netty.util.internal.PlatformDependent/]: sun.misc.Unsafe: available
[173月2026 00:29:07.933] [modloading-worker-0/DEBUG] [io.netty.util.internal.PlatformDependent/]: -Dio.netty.tmpdir: C:\Users\20171\AppData\Local\Temp (java.io.tmpdir)
[173月2026 00:29:07.933] [modloading-worker-0/DEBUG] [io.netty.util.internal.PlatformDependent/]: -Dio.netty.bitMode: 64 (sun.arch.data.model)
[173月2026 00:29:07.933] [modloading-worker-0/DEBUG] [io.netty.util.internal.PlatformDependent/]: Platform: Windows
[173月2026 00:29:07.933] [modloading-worker-0/DEBUG] [io.netty.util.internal.PlatformDependent/]: -Dio.netty.maxDirectMemory: -1 bytes
[173月2026 00:29:07.935] [modloading-worker-0/DEBUG] [io.netty.util.internal.CleanerJava9/]: java.nio.ByteBuffer.cleaner(): available
[173月2026 00:29:07.935] [modloading-worker-0/DEBUG] [io.netty.util.internal.PlatformDependent/]: -Dio.netty.noPreferDirect: false
[173月2026 00:29:07.945] [modloading-worker-0/DEBUG] [io.netty.util.internal.PlatformDependent/]: -Dio.netty.jfr.enabled: true
[173月2026 00:29:07.953] [modloading-worker-0/DEBUG] [io.netty.buffer.AbstractByteBuf/]: -Dio.netty.buffer.checkAccessible: true
[173月2026 00:29:07.953] [modloading-worker-0/DEBUG] [io.netty.buffer.AbstractByteBuf/]: -Dio.netty.buffer.checkBounds: true
[173月2026 00:29:07.954] [modloading-worker-0/DEBUG] [io.netty.util.ResourceLeakDetectorFactory/]: Loaded default ResourceLeakDetector: io.netty.util.ResourceLeakDetector@47511403
[173月2026 00:29:07.961] [modloading-worker-0/DEBUG] [io.netty.util.internal.InternalThreadLocalMap/]: -Dio.netty.threadLocalMap.stringBuilder.initialSize: 1024
[173月2026 00:29:07.961] [modloading-worker-0/DEBUG] [io.netty.util.internal.InternalThreadLocalMap/]: -Dio.netty.threadLocalMap.stringBuilder.maxSize: 4096
[173月2026 00:29:07.963] [modloading-worker-0/DEBUG] [io.netty.buffer.AdaptiveByteBufAllocator/]: -Dio.netty.allocator.useCachedMagazinesForNonEventLoopThreads: false
[173月2026 00:29:07.978] [modloading-worker-0/DEBUG] [io.netty.util.Recycler/]: -Dio.netty.recycler.maxCapacityPerThread: 4096
[173月2026 00:29:07.978] [modloading-worker-0/DEBUG] [io.netty.util.Recycler/]: -Dio.netty.recycler.ratio: 8
[173月2026 00:29:07.979] [modloading-worker-0/DEBUG] [io.netty.util.Recycler/]: -Dio.netty.recycler.chunkSize: 32
[173月2026 00:29:07.979] [modloading-worker-0/DEBUG] [io.netty.util.Recycler/]: -Dio.netty.recycler.blocking: false
[173月2026 00:29:07.979] [modloading-worker-0/DEBUG] [io.netty.util.Recycler/]: -Dio.netty.recycler.batchFastThreadLocalOnly: true
[173月2026 00:29:07.983] [modloading-worker-0/DEBUG] [io.netty.buffer.ByteBufUtil/]: -Dio.netty.allocator.type: adaptive
[173月2026 00:29:07.983] [modloading-worker-0/DEBUG] [io.netty.buffer.ByteBufUtil/]: -Dio.netty.threadLocalDirectBufferSize: 0
[173月2026 00:29:07.983] [modloading-worker-0/DEBUG] [io.netty.buffer.ByteBufUtil/]: -Dio.netty.maxThreadLocalCharBufferSize: 16384
[173月2026 00:29:07.989] [modloading-worker-0/DEBUG] [net.neoforged.fml.javafmlmod.AutomaticEventSubscriber/LOADING]: Subscribing method private static void net.neoforged.neoforge.network.filters.GenericPacketSplitter.register(net.neoforged.neoforge.network.event.RegisterPayloadHandlersEvent) to the event bus of mod neoforge
[173月2026 00:29:08.000] [modloading-worker-0/INFO] [terrablender/]: Registered region minecraft:overworld to index 0 for type OVERWORLD
[173月2026 00:29:08.001] [modloading-worker-0/INFO] [terrablender/]: Registered region minecraft:nether to index 0 for type NETHER
[173月2026 00:29:08.001] [modloading-worker-0/INFO] [terrablender/]: Registered region pochimod:overworld to index 1 for type OVERWORLD
[173月2026 00:29:08.001] [modloading-worker-0/INFO] [terrablender/]: Registered region pochimod:overworld_rare to index 2 for type OVERWORLD
[173月2026 00:29:08.009] [modloading-worker-0/DEBUG] [net.neoforged.fml.config.ConfigTracker/CONFIG]: Config file EchoesOfEco/vital.toml for pochimod tracking
[173月2026 00:29:08.013] [modloading-worker-0/DEBUG] [net.neoforged.fml.javafmlmod.AutomaticEventSubscriber/LOADING]: Attempting to inject @EventBusSubscriber classes into the eventbus for pochimod
[173月2026 00:29:08.013] [modloading-worker-0/DEBUG] [net.neoforged.fml.javafmlmod.AutomaticEventSubscriber/LOADING]: Scanning class net.pochi.pochimod.block.entity.ModCapabilities for @SubscribeEvent-annotated methods
[173月2026 00:29:08.013] [modloading-worker-0/DEBUG] [net.neoforged.fml.javafmlmod.AutomaticEventSubscriber/LOADING]: Subscribing method public static void net.pochi.pochimod.block.entity.ModCapabilities.registerCapabilities(net.neoforged.neoforge.capabilities.RegisterCapabilitiesEvent) to the event bus of mod pochimod
[173月2026 00:29:08.014] [modloading-worker-0/DEBUG] [net.neoforged.fml.javafmlmod.AutomaticEventSubscriber/LOADING]: Scanning class net.pochi.pochimod.command.SoilDebugCommand for @SubscribeEvent-annotated methods
[173月2026 00:29:08.018] [modloading-worker-0/DEBUG] [net.neoforged.fml.javafmlmod.AutomaticEventSubscriber/LOADING]: Subscribing method public static void net.pochi.pochimod.command.SoilDebugCommand.onRegisterCommands(net.neoforged.neoforge.event.RegisterCommandsEvent) to the game event bus
[173月2026 00:29:08.018] [modloading-worker-0/DEBUG] [net.neoforged.fml.javafmlmod.AutomaticEventSubscriber/LOADING]: Scanning class net.pochi.pochimod.datagen.DataGenerators for @SubscribeEvent-annotated methods
[173月2026 00:29:08.019] [modloading-worker-0/DEBUG] [net.neoforged.fml.javafmlmod.AutomaticEventSubscriber/LOADING]: Subscribing method public static void net.pochi.pochimod.datagen.DataGenerators.gatherClientData(net.neoforged.neoforge.data.event.GatherDataEvent$Client) to the event bus of mod pochimod
[173月2026 00:29:08.019] [modloading-worker-0/DEBUG] [net.neoforged.fml.javafmlmod.AutomaticEventSubscriber/LOADING]: Subscribing method public static void net.pochi.pochimod.datagen.DataGenerators.gatherServerData(net.neoforged.neoforge.data.event.GatherDataEvent$Server) to the event bus of mod pochimod
[173月2026 00:29:08.019] [modloading-worker-0/DEBUG] [net.neoforged.fml.javafmlmod.AutomaticEventSubscriber/LOADING]: Scanning class net.pochi.pochimod.event.ActionBasedConsumptionHandler for @SubscribeEvent-annotated methods
[173月2026 00:29:08.020] [modloading-worker-0/DEBUG] [net.neoforged.fml.javafmlmod.AutomaticEventSubscriber/LOADING]: Subscribing method public static void net.pochi.pochimod.event.ActionBasedConsumptionHandler.onLivingJump(net.neoforged.neoforge.event.entity.living.LivingEvent$LivingJumpEvent) to the game event bus
[173月2026 00:29:08.021] [modloading-worker-0/DEBUG] [net.neoforged.fml.javafmlmod.AutomaticEventSubscriber/LOADING]: Subscribing method public static void net.pochi.pochimod.event.ActionBasedConsumptionHandler.onLivingAttack(net.neoforged.neoforge.event.entity.living.LivingIncomingDamageEvent) to the game event bus
[173月2026 00:29:08.021] [modloading-worker-0/DEBUG] [net.neoforged.fml.javafmlmod.AutomaticEventSubscriber/LOADING]: Subscribing method public static void net.pochi.pochimod.event.ActionBasedConsumptionHandler.onPlayerLogout(net.neoforged.neoforge.event.entity.player.PlayerEvent$PlayerLoggedOutEvent) to the game event bus
[173月2026 00:29:08.021] [modloading-worker-0/DEBUG] [net.neoforged.fml.javafmlmod.AutomaticEventSubscriber/LOADING]: Subscribing method public static void net.pochi.pochimod.event.ActionBasedConsumptionHandler.onBlockBreak(net.neoforged.neoforge.event.level.BlockEvent$BreakEvent) to the game event bus
[173月2026 00:29:08.021] [modloading-worker-0/DEBUG] [net.neoforged.fml.javafmlmod.AutomaticEventSubscriber/LOADING]: Subscribing method public static void net.pochi.pochimod.event.ActionBasedConsumptionHandler.onPlayerTick(net.neoforged.neoforge.event.tick.PlayerTickEvent$Post) to the game event bus
[173月2026 00:29:08.021] [modloading-worker-0/DEBUG] [net.neoforged.fml.javafmlmod.AutomaticEventSubscriber/LOADING]: Scanning class net.pochi.pochimod.event.ClientEvents$ClientForgeEvents for @SubscribeEvent-annotated methods
[173月2026 00:29:08.022] [modloading-worker-0/DEBUG] [net.neoforged.fml.javafmlmod.AutomaticEventSubscriber/LOADING]: Subscribing method public static void net.pochi.pochimod.event.ClientEvents$ClientForgeEvents.onClientTickRhino(net.neoforged.neoforge.client.event.ClientTickEvent$Post) to the game event bus
[173月2026 00:29:08.022] [modloading-worker-0/DEBUG] [net.neoforged.fml.javafmlmod.AutomaticEventSubscriber/LOADING]: Scanning class net.pochi.pochimod.event.ClientEvents$ClientModBusEvents for @SubscribeEvent-annotated methods
[173月2026 00:29:08.024] [modloading-worker-0/DEBUG] [net.neoforged.fml.javafmlmod.AutomaticEventSubscriber/LOADING]: Subscribing method public static void net.pochi.pochimod.event.ClientEvents$ClientModBusEvents.registerItemTintSources(net.neoforged.neoforge.client.event.RegisterColorHandlersEvent$ItemTintSources) to the event bus of mod pochimod
[173月2026 00:29:08.024] [modloading-worker-0/DEBUG] [net.neoforged.fml.javafmlmod.AutomaticEventSubscriber/LOADING]: Subscribing method public static void net.pochi.pochimod.event.ClientEvents$ClientModBusEvents.onRegisterStandaloneModels(net.neoforged.neoforge.client.event.ModelEvent$RegisterStandalone) to the event bus of mod pochimod
[173月2026 00:29:08.024] [modloading-worker-0/DEBUG] [net.neoforged.fml.javafmlmod.AutomaticEventSubscriber/LOADING]: Subscribing method public static void net.pochi.pochimod.event.ClientEvents$ClientModBusEvents.onRegisterSpawnPlacements(net.neoforged.neoforge.event.entity.RegisterSpawnPlacementsEvent) to the event bus of mod pochimod
[173月2026 00:29:08.025] [modloading-worker-0/DEBUG] [net.neoforged.fml.javafmlmod.AutomaticEventSubscriber/LOADING]: Subscribing method public static void net.pochi.pochimod.event.ClientEvents$ClientModBusEvents.registerScreens(net.neoforged.neoforge.client.event.RegisterMenuScreensEvent) to the event bus of mod pochimod
[173月2026 00:29:08.025] [modloading-worker-0/DEBUG] [net.neoforged.fml.javafmlmod.AutomaticEventSubscriber/LOADING]: Subscribing method public static void net.pochi.pochimod.event.ClientEvents$ClientModBusEvents.onKeyRegister(net.neoforged.neoforge.client.event.RegisterKeyMappingsEvent) to the event bus of mod pochimod
[173月2026 00:29:08.025] [modloading-worker-0/DEBUG] [net.neoforged.fml.javafmlmod.AutomaticEventSubscriber/LOADING]: Subscribing method public static void net.pochi.pochimod.event.ClientEvents$ClientModBusEvents.registerGuiLayers(net.neoforged.neoforge.client.event.RegisterGuiLayersEvent) to the event bus of mod pochimod
[173月2026 00:29:08.025] [modloading-worker-0/DEBUG] [net.neoforged.fml.javafmlmod.AutomaticEventSubscriber/LOADING]: Scanning class net.pochi.pochimod.event.FoodEatEventHandler for @SubscribeEvent-annotated methods
[173月2026 00:29:08.027] [modloading-worker-0/DEBUG] [net.neoforged.fml.javafmlmod.AutomaticEventSubscriber/LOADING]: Subscribing method public static void net.pochi.pochimod.event.FoodEatEventHandler.onItemUseFinish(net.neoforged.neoforge.event.entity.living.LivingEntityUseItemEvent$Finish) to the game event bus
[173月2026 00:29:08.027] [modloading-worker-0/DEBUG] [net.neoforged.fml.javafmlmod.AutomaticEventSubscriber/LOADING]: Scanning class net.pochi.pochimod.event.LeopardGeckoArmorEventHandler for @SubscribeEvent-annotated methods
[173月2026 00:29:08.028] [modloading-worker-0/DEBUG] [net.neoforged.fml.javafmlmod.AutomaticEventSubscriber/LOADING]: Subscribing method public static void net.pochi.pochimod.event.LeopardGeckoArmorEventHandler.onItemUseFinish(net.neoforged.neoforge.event.entity.living.LivingEntityUseItemEvent$Finish) to the game event bus
[173月2026 00:29:08.029] [modloading-worker-0/DEBUG] [net.neoforged.fml.javafmlmod.AutomaticEventSubscriber/LOADING]: Subscribing method public static void net.pochi.pochimod.event.LeopardGeckoArmorEventHandler.onPlayerAttacked(net.neoforged.neoforge.event.entity.living.LivingIncomingDamageEvent) to the game event bus
[173月2026 00:29:08.029] [modloading-worker-0/DEBUG] [net.neoforged.fml.javafmlmod.AutomaticEventSubscriber/LOADING]: Subscribing method public static void net.pochi.pochimod.event.LeopardGeckoArmorEventHandler.onPlayerTick(net.neoforged.neoforge.event.tick.PlayerTickEvent$Post) to the game event bus
[173月2026 00:29:08.030] [modloading-worker-0/DEBUG] [net.neoforged.fml.javafmlmod.AutomaticEventSubscriber/LOADING]: Scanning class net.pochi.pochimod.event.LunarClawEventHandler for @SubscribeEvent-annotated methods
[173月2026 00:29:08.031] [modloading-worker-0/DEBUG] [net.neoforged.fml.javafmlmod.AutomaticEventSubscriber/LOADING]: Subscribing method public static void net.pochi.pochimod.event.LunarClawEventHandler.onPlayerTick(net.neoforged.neoforge.event.tick.PlayerTickEvent$Post) to the game event bus
[173月2026 00:29:08.031] [modloading-worker-0/DEBUG] [net.neoforged.fml.javafmlmod.AutomaticEventSubscriber/LOADING]: Scanning class net.pochi.pochimod.event.ModEventBusEvents for @SubscribeEvent-annotated methods
[173月2026 00:29:08.031] [modloading-worker-0/DEBUG] [net.neoforged.fml.javafmlmod.AutomaticEventSubscriber/LOADING]: Subscribing method public static void net.pochi.pochimod.event.ModEventBusEvents.registerLayers(net.neoforged.neoforge.client.event.EntityRenderersEvent$RegisterLayerDefinitions) to the event bus of mod pochimod
[173月2026 00:29:08.033] [modloading-worker-0/DEBUG] [net.neoforged.fml.javafmlmod.AutomaticEventSubscriber/LOADING]: Scanning class net.pochi.pochimod.event.ModEvents$ForgeEvents for @SubscribeEvent-annotated methods
[173月2026 00:29:08.035] [modloading-worker-0/DEBUG] [net.neoforged.fml.javafmlmod.AutomaticEventSubscriber/LOADING]: Subscribing method public static void net.pochi.pochimod.event.ModEvents$ForgeEvents.tonbo(net.neoforged.neoforge.event.entity.living.LivingDeathEvent) to the game event bus
[173月2026 00:29:08.036] [modloading-worker-0/DEBUG] [net.neoforged.fml.javafmlmod.AutomaticEventSubscriber/LOADING]: Subscribing method public static void net.pochi.pochimod.event.ModEvents$ForgeEvents.axo(net.neoforged.neoforge.event.tick.EntityTickEvent$Post) to the game event bus
[173月2026 00:29:08.036] [modloading-worker-0/DEBUG] [net.neoforged.fml.javafmlmod.AutomaticEventSubscriber/LOADING]: Subscribing method public static void net.pochi.pochimod.event.ModEvents$ForgeEvents.dreamer(net.neoforged.neoforge.event.entity.living.LivingDamageEvent$Pre) to the game event bus
[173月2026 00:29:08.036] [modloading-worker-0/DEBUG] [net.neoforged.fml.javafmlmod.AutomaticEventSubscriber/LOADING]: Subscribing method public static void net.pochi.pochimod.event.ModEvents$ForgeEvents.onChunkSave(net.neoforged.neoforge.event.level.ChunkDataEvent$Save) to the game event bus
[173月2026 00:29:08.037] [modloading-worker-0/DEBUG] [net.neoforged.fml.javafmlmod.AutomaticEventSubscriber/LOADING]: Subscribing method public static void net.pochi.pochimod.event.ModEvents$ForgeEvents.addCustomTrades(net.neoforged.neoforge.event.village.VillagerTradesEvent) to the game event bus
[173月2026 00:29:08.037] [modloading-worker-0/DEBUG] [net.neoforged.fml.javafmlmod.AutomaticEventSubscriber/LOADING]: Scanning class net.pochi.pochimod.event.ModEvents$ModEventBusEvents for @SubscribeEvent-annotated methods
[173月2026 00:29:08.037] [modloading-worker-0/DEBUG] [net.neoforged.fml.javafmlmod.AutomaticEventSubscriber/LOADING]: Subscribing method public static void net.pochi.pochimod.event.ModEvents$ModEventBusEvents.entityAttributeEvent(net.neoforged.neoforge.event.entity.EntityAttributeCreationEvent) to the event bus of mod pochimod
[173月2026 00:29:08.038] [modloading-worker-0/DEBUG] [net.neoforged.fml.javafmlmod.AutomaticEventSubscriber/LOADING]: Scanning class net.pochi.pochimod.event.TuataraArmorEventHandler for @SubscribeEvent-annotated methods
[173月2026 00:29:08.038] [modloading-worker-0/DEBUG] [net.neoforged.fml.javafmlmod.AutomaticEventSubscriber/LOADING]: Subscribing method public static void net.pochi.pochimod.event.TuataraArmorEventHandler.onPlayerAttacked(net.neoforged.neoforge.event.entity.living.LivingIncomingDamageEvent) to the game event bus
[173月2026 00:29:08.038] [modloading-worker-0/DEBUG] [net.neoforged.fml.javafmlmod.AutomaticEventSubscriber/LOADING]: Scanning class net.pochi.pochimod.event.VitalDebuffHandler for @SubscribeEvent-annotated methods
[173月2026 00:29:08.040] [modloading-worker-0/DEBUG] [net.neoforged.fml.javafmlmod.AutomaticEventSubscriber/LOADING]: Subscribing method public static void net.pochi.pochimod.event.VitalDebuffHandler.onPlayerLogout(net.neoforged.neoforge.event.entity.player.PlayerEvent$PlayerLoggedOutEvent) to the game event bus
[173月2026 00:29:08.040] [modloading-worker-0/DEBUG] [net.neoforged.fml.javafmlmod.AutomaticEventSubscriber/LOADING]: Subscribing method public static void net.pochi.pochimod.event.VitalDebuffHandler.onPlayerTick(net.neoforged.neoforge.event.tick.PlayerTickEvent$Post) to the game event bus
[173月2026 00:29:08.040] [modloading-worker-0/DEBUG] [net.neoforged.fml.javafmlmod.AutomaticEventSubscriber/LOADING]: Scanning class net.pochi.pochimod.event.VitalDepletionHandler for @SubscribeEvent-annotated methods
[173月2026 00:29:08.040] [modloading-worker-0/DEBUG] [net.neoforged.fml.javafmlmod.AutomaticEventSubscriber/LOADING]: Subscribing method public static void net.pochi.pochimod.event.VitalDepletionHandler.onPlayerLogout(net.neoforged.neoforge.event.entity.player.PlayerEvent$PlayerLoggedOutEvent) to the game event bus
[173月2026 00:29:08.041] [modloading-worker-0/DEBUG] [net.neoforged.fml.javafmlmod.AutomaticEventSubscriber/LOADING]: Subscribing method public static void net.pochi.pochimod.event.VitalDepletionHandler.onPlayerTick(net.neoforged.neoforge.event.tick.PlayerTickEvent$Post) to the game event bus
[173月2026 00:29:08.041] [modloading-worker-0/DEBUG] [net.neoforged.fml.javafmlmod.AutomaticEventSubscriber/LOADING]: Scanning class net.pochi.pochimod.ferm.CompostUseEventHandler for @SubscribeEvent-annotated methods
[173月2026 00:29:08.042] [modloading-worker-0/DEBUG] [net.neoforged.fml.javafmlmod.AutomaticEventSubscriber/LOADING]: Subscribing method public static void net.pochi.pochimod.ferm.CompostUseEventHandler.onRightClickBlock(net.neoforged.neoforge.event.entity.player.PlayerInteractEvent$RightClickBlock) to the game event bus
[173月2026 00:29:08.042] [modloading-worker-0/DEBUG] [net.neoforged.fml.javafmlmod.AutomaticEventSubscriber/LOADING]: Scanning class net.pochi.pochimod.ferm.CropHarvestEventHandler for @SubscribeEvent-annotated methods
[173月2026 00:29:08.043] [modloading-worker-0/DEBUG] [net.neoforged.fml.javafmlmod.AutomaticEventSubscriber/LOADING]: Subscribing method public static void net.pochi.pochimod.ferm.CropHarvestEventHandler.onBlockBreak(net.neoforged.neoforge.event.level.BlockEvent$BreakEvent) to the game event bus
[173月2026 00:29:08.043] [modloading-worker-0/DEBUG] [net.neoforged.fml.javafmlmod.AutomaticEventSubscriber/LOADING]: Scanning class net.pochi.pochimod.ferm.SoilFallowHandler for @SubscribeEvent-annotated methods
[173月2026 00:29:08.044] [modloading-worker-0/DEBUG] [net.neoforged.fml.javafmlmod.AutomaticEventSubscriber/LOADING]: Subscribing method public static void net.pochi.pochimod.ferm.SoilFallowHandler.onChunkUnload(net.neoforged.neoforge.event.level.ChunkEvent$Unload) to the game event bus
[173月2026 00:29:08.044] [modloading-worker-0/DEBUG] [net.neoforged.fml.javafmlmod.AutomaticEventSubscriber/LOADING]: Subscribing method public static void net.pochi.pochimod.ferm.SoilFallowHandler.onChunkLoad(net.neoforged.neoforge.event.level.ChunkEvent$Load) to the game event bus
[173月2026 00:29:08.044] [modloading-worker-0/DEBUG] [net.neoforged.fml.javafmlmod.AutomaticEventSubscriber/LOADING]: Subscribing method public static void net.pochi.pochimod.ferm.SoilFallowHandler.onLevelTick(net.neoforged.neoforge.event.tick.LevelTickEvent$Post) to the game event bus
[173月2026 00:29:08.044] [modloading-worker-0/DEBUG] [net.neoforged.fml.javafmlmod.AutomaticEventSubscriber/LOADING]: Scanning class net.pochi.pochimod.ferm.SoilTooltipHandler for @SubscribeEvent-annotated methods
[173月2026 00:29:08.046] [modloading-worker-0/DEBUG] [net.neoforged.fml.javafmlmod.AutomaticEventSubscriber/LOADING]: Subscribing method public static void net.pochi.pochimod.ferm.SoilTooltipHandler.onRightClickBlock(net.neoforged.neoforge.event.entity.player.PlayerInteractEvent$RightClickBlock) to the game event bus
[173月2026 00:29:08.047] [modloading-worker-0/DEBUG] [net.neoforged.fml.javafmlmod.AutomaticEventSubscriber/LOADING]: Subscribing method public static void net.pochi.pochimod.ferm.SoilTooltipHandler.onTooltip(net.neoforged.neoforge.event.entity.player.ItemTooltipEvent) to the game event bus
[173月2026 00:29:08.047] [modloading-worker-0/DEBUG] [net.neoforged.fml.javafmlmod.AutomaticEventSubscriber/LOADING]: Subscribing method public static void net.pochi.pochimod.ferm.SoilTooltipHandler.onRenderGameOverlay(net.neoforged.neoforge.client.event.RenderGuiLayerEvent$Post) to the game event bus
[173月2026 00:29:08.047] [modloading-worker-0/DEBUG] [net.neoforged.fml.javafmlmod.AutomaticEventSubscriber/LOADING]: Scanning class net.pochi.pochimod.item.food.TooltipEventHandler for @SubscribeEvent-annotated methods
[173月2026 00:29:08.048] [modloading-worker-0/DEBUG] [net.neoforged.fml.javafmlmod.AutomaticEventSubscriber/LOADING]: Subscribing method public static void net.pochi.pochimod.item.food.TooltipEventHandler.onTooltip(net.neoforged.neoforge.event.entity.player.ItemTooltipEvent) to the game event bus
[173月2026 00:29:08.048] [modloading-worker-0/DEBUG] [net.neoforged.fml.javafmlmod.AutomaticEventSubscriber/LOADING]: Subscribing method public static void net.pochi.pochimod.item.food.TooltipEventHandler.onItemTooltip(net.neoforged.neoforge.event.entity.player.ItemTooltipEvent) to the game event bus
[173月2026 00:29:08.048] [modloading-worker-0/DEBUG] [net.neoforged.fml.javafmlmod.AutomaticEventSubscriber/LOADING]: Scanning class net.pochi.pochimod.mineral.MineralEffectHandler for @SubscribeEvent-annotated methods
[173月2026 00:29:08.048] [modloading-worker-0/DEBUG] [net.neoforged.fml.javafmlmod.AutomaticEventSubscriber/LOADING]: Subscribing method public static void net.pochi.pochimod.mineral.MineralEffectHandler.onEquipmentChange(net.neoforged.neoforge.event.entity.living.LivingEquipmentChangeEvent) to the game event bus
[173月2026 00:29:08.048] [modloading-worker-0/DEBUG] [net.neoforged.fml.javafmlmod.AutomaticEventSubscriber/LOADING]: Subscribing method public static void net.pochi.pochimod.mineral.MineralEffectHandler.onLivingAttack(net.neoforged.neoforge.event.entity.living.LivingIncomingDamageEvent) to the game event bus
[173月2026 00:29:08.048] [modloading-worker-0/DEBUG] [net.neoforged.fml.javafmlmod.AutomaticEventSubscriber/LOADING]: Subscribing method public static void net.pochi.pochimod.mineral.MineralEffectHandler.onItemAttributeModifiers(net.neoforged.neoforge.event.ItemAttributeModifierEvent) to the game event bus
[173月2026 00:29:08.049] [modloading-worker-0/DEBUG] [net.neoforged.fml.javafmlmod.AutomaticEventSubscriber/LOADING]: Scanning class net.pochi.pochimod.networking.ModMessages for @SubscribeEvent-annotated methods
[173月2026 00:29:08.050] [modloading-worker-0/DEBUG] [net.neoforged.fml.javafmlmod.AutomaticEventSubscriber/LOADING]: Subscribing method public static void net.pochi.pochimod.networking.ModMessages.register(net.neoforged.neoforge.network.event.RegisterPayloadHandlersEvent) to the event bus of mod pochimod
[173月2026 00:29:08.050] [modloading-worker-0/DEBUG] [net.neoforged.fml.javafmlmod.AutomaticEventSubscriber/LOADING]: Scanning class net.pochi.pochimod.nutrition.VitalCapabilityHandler for @SubscribeEvent-annotated methods
[173月2026 00:29:08.051] [modloading-worker-0/DEBUG] [net.neoforged.fml.javafmlmod.AutomaticEventSubscriber/LOADING]: Subscribing method public static void net.pochi.pochimod.nutrition.VitalCapabilityHandler.onPlayerLoggedIn(net.neoforged.neoforge.event.entity.player.PlayerEvent$PlayerLoggedInEvent) to the game event bus
[173月2026 00:29:08.051] [modloading-worker-0/DEBUG] [net.neoforged.fml.javafmlmod.AutomaticEventSubscriber/LOADING]: Subscribing method public static void net.pochi.pochimod.nutrition.VitalCapabilityHandler.onPlayerRespawn(net.neoforged.neoforge.event.entity.player.PlayerEvent$PlayerRespawnEvent) to the game event bus
[173月2026 00:29:08.052] [modloading-worker-0/DEBUG] [net.neoforged.fml.javafmlmod.AutomaticEventSubscriber/LOADING]: Subscribing method public static void net.pochi.pochimod.nutrition.VitalCapabilityHandler.onPlayerChangedDimension(net.neoforged.neoforge.event.entity.player.PlayerEvent$PlayerChangedDimensionEvent) to the game event bus
[173月2026 00:29:08.052] [modloading-worker-0/DEBUG] [net.neoforged.fml.javafmlmod.AutomaticEventSubscriber/LOADING]: Scanning class net.pochi.pochimod.PochiMod$ClientModEvents for @SubscribeEvent-annotated methods
[173月2026 00:29:08.053] [modloading-worker-0/DEBUG] [net.neoforged.fml.javafmlmod.AutomaticEventSubscriber/LOADING]: Subscribing method public static void net.pochi.pochimod.PochiMod$ClientModEvents.onClientSetup(net.neoforged.fml.event.lifecycle.FMLClientSetupEvent) to the event bus of mod pochimod
[173月2026 00:29:10.234] [main/DEBUG] [mixin/]: Mixing client.SpecialModelWrapperMixin from geckolib.mixins.json into net.minecraft.client.renderer.item.SpecialModelWrapper
[173月2026 00:29:10.235] [main/DEBUG] [mixin/]: geckolib.mixins.json:client.SpecialModelWrapperMixin from mod geckolib: Class version 65 required is higher than the class version supported by the current version of Mixin (JAVA_17 supports class version 61)
[173月2026 00:29:10.242] [main/DEBUG] [mixin/]: Mixing client.SpecialModelRenderersMixin from geckolib.mixins.json into net.minecraft.client.renderer.special.SpecialModelRenderers
[173月2026 00:29:10.242] [main/DEBUG] [mixin/]: geckolib.mixins.json:client.SpecialModelRenderersMixin from mod geckolib: Class version 65 required is higher than the class version supported by the current version of Mixin (JAVA_17 supports class version 61)
[173月2026 00:29:10.243] [main/DEBUG] [mixin/]: geckolib.mixins.json:client.SpecialModelRenderersMixin from mod geckolib->@Inject::geckolib$addSpecialRenderer(Lorg/spongepowered/asm/mixin/injection/callback/CallbackInfo;)V doesn't use it's CallbackInfo
[173月2026 00:29:10.268] [main/DEBUG] [mixin/]: Mixing client.BlockEntityRenderStateMixin from geckolib.mixins.json into net.minecraft.client.renderer.blockentity.state.BlockEntityRenderState
[173月2026 00:29:10.268] [main/DEBUG] [mixin/]: geckolib.mixins.json:client.BlockEntityRenderStateMixin from mod geckolib: Class version 65 required is higher than the class version supported by the current version of Mixin (JAVA_17 supports class version 61)
[173月2026 00:29:10.417] [main/INFO] [net.minecraft.data.DataGenerator/]: Starting provider: Languages: ja_jp for mod: pochimod
[173月2026 00:29:10.448] [main/INFO] [net.minecraft.data.DataGenerator/]: Languages: ja_jp for mod: pochimod finished after 30 ms
[173月2026 00:29:10.448] [main/INFO] [net.minecraft.data.DataGenerator/]: Starting provider: Languages: en_us for mod: pochimod
[173月2026 00:29:10.457] [main/INFO] [net.minecraft.data.DataGenerator/]: Languages: en_us for mod: pochimod finished after 7 ms
[173月2026 00:29:10.457] [main/INFO] [net.minecraft.data.DataGenerator/]: All providers took: 40 ms
[173月2026 00:29:10.460] [main/INFO] [net.minecraft.data.HashCache/]: Caching: total files: 2, old count: 2, new count: 3, removed stale: 0, written: 0
[173月2026 00:29:10.460] [main/INFO] [net.neoforged.fml.loading.FMLLoader/]: Closing FML Loader 3d81885c
[173月2026 00:29:10.460] [main/INFO] [net.neoforged.fml.ModLoader/]: Clearing ModLoader
